Component: ARM Compiler 5.06 update 4 (build 422) Tool: armlink [4d35d2]

==============================================================================

Section Cross References

    startup_stm32f407xx.o(RESET) refers to startup_stm32f407xx.o(STACK) for __initial_sp
    startup_stm32f407xx.o(RESET) refers to startup_stm32f407xx.o(.text) for Reset_Handler
    startup_stm32f407xx.o(RESET) refers to stm32f4xx_it.o(i.NMI_Handler) for NMI_Handler
    startup_stm32f407xx.o(RESET) refers to stm32f4xx_it.o(i.HardFault_Handler) for HardFault_Handler
    startup_stm32f407xx.o(RESET) refers to stm32f4xx_it.o(i.MemManage_Handler) for MemManage_Handler
    startup_stm32f407xx.o(RESET) refers to stm32f4xx_it.o(i.BusFault_Handler) for BusFault_Handler
    startup_stm32f407xx.o(RESET) refers to stm32f4xx_it.o(i.UsageFault_Handler) for UsageFault_Handler
    startup_stm32f407xx.o(RESET) refers to stm32f4xx_it.o(i.SVC_Handler) for SVC_Handler
    startup_stm32f407xx.o(RESET) refers to stm32f4xx_it.o(i.DebugMon_Handler) for DebugMon_Handler
    startup_stm32f407xx.o(RESET) refers to stm32f4xx_it.o(i.PendSV_Handler) for PendSV_Handler
    startup_stm32f407xx.o(RESET) refers to stm32f4xx_it.o(i.SysTick_Handler) for SysTick_Handler
    startup_stm32f407xx.o(RESET) refers to stm32f4xx_it.o(i.SDIO_IRQHandler) for SDIO_IRQHandler
    startup_stm32f407xx.o(RESET) refers to stm32f4xx_it.o(i.DMA2_Stream3_IRQHandler) for DMA2_Stream3_IRQHandler
    startup_stm32f407xx.o(RESET) refers to stm32f4xx_it.o(i.DMA2_Stream6_IRQHandler) for DMA2_Stream6_IRQHandler
    startup_stm32f407xx.o(.text) refers to system_stm32f4xx.o(i.SystemInit) for SystemInit
    startup_stm32f407xx.o(.text) refers to entry.o(.ARM.Collect$$$$00000000) for __main
    main.o(i.FatFs_Check) refers to ff_gen_drv.o(i.FATFS_LinkDriver) for FATFS_LinkDriver
    main.o(i.FatFs_Check) refers to ff.o(i.f_mount) for f_mount
    main.o(i.FatFs_Check) refers to printf3.o(i.__0printf$3) for __2printf
    main.o(i.FatFs_Check) refers to ff.o(i.f_mkfs) for f_mkfs
    main.o(i.FatFs_Check) refers to main.o(.data) for .data
    main.o(i.FatFs_Check) refers to sd_diskio.o(.constdata) for SD_Driver
    main.o(i.FatFs_Check) refers to main.o(.bss) for .bss
    main.o(i.FatFs_FileTest) refers to memcpya.o(.text) for __aeabi_memcpy4
    main.o(i.FatFs_FileTest) refers to printf3.o(i.__0printf$3) for __2printf
    main.o(i.FatFs_FileTest) refers to ff.o(i.f_open) for f_open
    main.o(i.FatFs_FileTest) refers to ff.o(i.f_write) for f_write
    main.o(i.FatFs_FileTest) refers to ff.o(i.f_close) for f_close
    main.o(i.FatFs_FileTest) refers to ff.o(i.f_read) for f_read
    main.o(i.FatFs_FileTest) refers to main.o(.data) for .data
    main.o(i.FatFs_GetVolume) refers to ff.o(i.f_getfree) for f_getfree
    main.o(i.FatFs_GetVolume) refers to printf3.o(i.__0printf$3) for __2printf
    main.o(i.SystemClock_Config) refers to memseta.o(.text) for __aeabi_memclr4
    main.o(i.SystemClock_Config) refers to stm32f4xx_hal_rcc.o(i.HAL_RCC_OscConfig) for HAL_RCC_OscConfig
    main.o(i.SystemClock_Config) refers to stm32f4xx_hal_rcc.o(i.HAL_RCC_ClockConfig) for HAL_RCC_ClockConfig
    main.o(i.main) refers to stm32f4xx_hal.o(i.HAL_Init) for HAL_Init
    main.o(i.main) refers to main.o(i.SystemClock_Config) for SystemClock_Config
    main.o(i.main) refers to led.o(i.LED_Init) for LED_Init
    main.o(i.main) refers to key.o(i.KEY_Init) for KEY_Init
    main.o(i.main) refers to usart.o(i.USART1_Init) for USART1_Init
    main.o(i.main) refers to main.o(i.FatFs_Check) for FatFs_Check
    main.o(i.main) refers to main.o(i.FatFs_GetVolume) for FatFs_GetVolume
    main.o(i.main) refers to main.o(i.FatFs_FileTest) for FatFs_FileTest
    main.o(i.main) refers to stm32f4xx_hal_gpio.o(i.HAL_GPIO_TogglePin) for HAL_GPIO_TogglePin
    main.o(i.main) refers to stm32f4xx_hal.o(i.HAL_Delay) for HAL_Delay
    stm32f4xx_it.o(i.DMA2_Stream3_IRQHandler) refers to stm32f4xx_hal_dma.o(i.HAL_DMA_IRQHandler) for HAL_DMA_IRQHandler
    stm32f4xx_it.o(i.DMA2_Stream3_IRQHandler) refers to sdio_sd.o(.bss) for uSdHandle
    stm32f4xx_it.o(i.DMA2_Stream6_IRQHandler) refers to stm32f4xx_hal_dma.o(i.HAL_DMA_IRQHandler) for HAL_DMA_IRQHandler
    stm32f4xx_it.o(i.DMA2_Stream6_IRQHandler) refers to sdio_sd.o(.bss) for uSdHandle
    stm32f4xx_it.o(i.SDIO_IRQHandler) refers to stm32f4xx_hal_sd.o(i.HAL_SD_IRQHandler) for HAL_SD_IRQHandler
    stm32f4xx_it.o(i.SDIO_IRQHandler) refers to sdio_sd.o(.bss) for uSdHandle
    stm32f4xx_it.o(i.SysTick_Handler) refers to stm32f4xx_hal.o(i.HAL_IncTick) for HAL_IncTick
    led.o(i.LED_Init) refers to memseta.o(.text) for __aeabi_memclr4
    led.o(i.LED_Init) refers to stm32f4xx_hal_gpio.o(i.HAL_GPIO_WritePin) for HAL_GPIO_WritePin
    led.o(i.LED_Init) refers to stm32f4xx_hal_gpio.o(i.HAL_GPIO_Init) for HAL_GPIO_Init
    key.o(i.KEY_Init) refers to memseta.o(.text) for __aeabi_memclr4
    key.o(i.KEY_Init) refers to stm32f4xx_hal_gpio.o(i.HAL_GPIO_Init) for HAL_GPIO_Init
[...]
    ../clib/microlib/printf/printf.c         0x00000000   Number         0  printfb.o ABSOLUTE
    ../clib/microlib/printf/printf.c         0x00000000   Number         0  printf7.o ABSOLUTE
    ../clib/microlib/printf/printf.c         0x00000000   Number         0  printf3.o ABSOLUTE
    ../clib/microlib/printf/stubs.s          0x00000000   Number         0  stubs.o ABSOLUTE
    ../clib/microlib/stdio/streams.c         0x00000000   Number         0  stdout.o ABSOLUTE
    ../clib/microlib/string/memcpy.c         0x00000000   Number         0  memcpyb.o ABSOLUTE
    ../clib/microlib/string/memcpy.c         0x00000000   Number         0  memcpya.o ABSOLUTE
    ../clib/microlib/string/memset.c         0x00000000   Number         0  memseta.o ABSOLUTE
    ../clib/microlib/stubs.s                 0x00000000   Number         0  iusefp.o ABSOLUTE
    ../fplib/microlib/fpadd.c                0x00000000   Number         0  dadd.o ABSOLUTE
    ../fplib/microlib/fpdiv.c                0x00000000   Number         0  ddiv.o ABSOLUTE
    ../fplib/microlib/fpepilogue.c           0x00000000   Number         0  depilogue.o ABSOLUTE
    ../fplib/microlib/fpfix.c                0x00000000   Number         0  dfixul.o ABSOLUTE
    ../fplib/microlib/fpmul.c                0x00000000   Number         0  dmul.o ABSOLUTE
    ..\Core\Src\main.c                       0x00000000   Number         0  main.o ABSOLUTE
    ..\Core\Src\stm32f4xx_hal_msp.c          0x00000000   Number         0  stm32f4xx_hal_msp.o ABSOLUTE
    ..\Core\Src\stm32f4xx_it.c               0x00000000   Number         0  stm32f4xx_it.o ABSOLUTE
    ..\Core\Src\system_stm32f4xx.c           0x00000000   Number         0  system_stm32f4xx.o ABSOLUTE
    ..\Drivers\STM32F4xx_HAL_Driver\Src\stm32f4xx_hal.c 0x00000000   Number         0  stm32f4xx_hal.o ABSOLUTE
    ..\Drivers\STM32F4xx_HAL_Driver\Src\stm32f4xx_hal_cortex.c 0x00000000   Number         0  stm32f4xx_hal_cortex.o ABSOLUTE
    ..\Drivers\STM32F4xx_HAL_Driver\Src\stm32f4xx_hal_dma.c 0x00000000   Number         0  stm32f4xx_hal_dma.o ABSOLUTE
    ..\Drivers\STM32F4xx_HAL_Driver\Src\stm32f4xx_hal_dma_ex.c 0x00000000   Number         0  stm32f4xx_hal_dma_ex.o ABSOLUTE
    ..\Drivers\STM32F4xx_HAL_Driver\Src\stm32f4xx_hal_exti.c 0x00000000   Number         0  stm32f4xx_hal_exti.o ABSOLUTE
    ..\Drivers\STM32F4xx_HAL_Driver\Src\stm32f4xx_hal_flash.c 0x00000000   Number         0  stm32f4xx_hal_flash.o ABSOLUTE
    ..\Drivers\STM32F4xx_HAL_Driver\Src\stm32f4xx_hal_flash_ex.c 0x00000000   Number         0  stm32f4xx_hal_flash_ex.o ABSOLUTE
    ..\Drivers\STM32F4xx_HAL_Driver\Src\stm32f4xx_hal_flash_ramfunc.c 0x00000000   Number         0  stm32f4xx_hal_flash_ramfunc.o ABSOLUTE
    ..\Drivers\STM32F4xx_HAL_Driver\Src\stm32f4xx_hal_gpio.c 0x00000000   Number         0  stm32f4xx_hal_gpio.o ABSOLUTE
    ..\Drivers\STM32F4xx_HAL_Driver\Src\stm32f4xx_hal_pwr.c 0x00000000   Number         0  stm32f4xx_hal_pwr.o ABSOLUTE
    ..\Drivers\STM32F4xx_HAL_Driver\Src\stm32f4xx_hal_pwr_ex.c 0x00000000   Number         0  stm32f4xx_hal_pwr_ex.o ABSOLUTE
    ..\Drivers\STM32F4xx_HAL_Driver\Src\stm32f4xx_hal_rcc.c 0x00000000   Number         0  stm32f4xx_hal_rcc.o ABSOLUTE
    ..\Drivers\STM32F4xx_HAL_Driver\Src\stm32f4xx_hal_rcc_ex.c 0x00000000   Number         0  stm32f4xx_hal_rcc_ex.o ABSOLUTE
    ..\Drivers\STM32F4xx_HAL_Driver\Src\stm32f4xx_hal_sd.c 0x00000000   Number         0  stm32f4xx_hal_sd.o ABSOLUTE
    ..\Drivers\STM32F4xx_HAL_Driver\Src\stm32f4xx_hal_tim.c 0x00000000   Number         0  stm32f4xx_hal_tim.o ABSOLUTE
    ..\Drivers\STM32F4xx_HAL_Driver\Src\stm32f4xx_hal_tim_ex.c 0x00000000   Number         0  stm32f4xx_hal_tim_ex.o ABSOLUTE
    ..\Drivers\STM32F4xx_HAL_Driver\Src\stm32f4xx_hal_uart.c 0x00000000   Number         0  stm32f4xx_hal_uart.o ABSOLUTE
    ..\Drivers\STM32F4xx_HAL_Driver\Src\stm32f4xx_ll_sdmmc.c 0x00000000   Number         0  stm32f4xx_ll_sdmmc.o ABSOLUTE
    ..\Drivers\User\Src\key.c                0x00000000   Number         0  key.o ABSOLUTE
    ..\Drivers\User\Src\led.c                0x00000000   Number         0  led.o ABSOLUTE
    ..\Drivers\User\Src\sdio_sd.c            0x00000000   Number         0  sdio_sd.o ABSOLUTE
    ..\Drivers\User\Src\usart.c              0x00000000   Number         0  usart.o ABSOLUTE
    ..\FatFs\diskio.c                        0x00000000   Number         0  diskio.o ABSOLUTE
    ..\FatFs\ff.c                            0x00000000   Number         0  ff.o ABSOLUTE
    ..\FatFs\ff_gen_drv.c                    0x00000000   Number         0  ff_gen_drv.o ABSOLUTE
    ..\FatFs\ffunicode.c                     0x00000000   Number         0  ffunicode.o ABSOLUTE
    ..\FatFs\sd_diskio.c                     0x00000000   Number         0  sd_diskio.o ABSOLUTE
    ..\\Drivers\\User\\Src\\key.c            0x00000000   Number         0  key.o ABSOLUTE
    ..\\Drivers\\User\\Src\\led.c            0x00000000   Number         0  led.o ABSOLUTE
    ..\\Drivers\\User\\Src\\sdio_sd.c        0x00000000   Number         0  sdio_sd.o ABSOLUTE
    ..\\Drivers\\User\\Src\\usart.c          0x00000000   Number         0  usart.o ABSOLUTE
    ..\\FatFs\\sd_diskio.c                   0x00000000   Number         0  sd_diskio.o ABSOLUTE
    cdrcmple.s                               0x00000000   Number         0  cdrcmple.o ABSOLUTE
    dc.s                                     0x00000000   Number         0  dc.o ABSOLUTE
    handlers.s                               0x00000000   Number         0  handlers.o ABSOLUTE
    init.s                                   0x00000000   Number         0  init.o ABSOLUTE
    startup_stm32f407xx.s                    0x00000000   Number         0  startup_stm32f407xx.o ABSOLUTE
    RESET                                    0x08000000   Section      392  startup_stm32f407xx.o(RESET)
    .ARM.Collect$$$$00000000                 0x08000188   Section        0  entry.o(.ARM.Collect$$$$00000000)
    .ARM.Collect$$$$00000001                 0x08000188   Section        4  entry2.o(.ARM.Collect$$$$00000001)
    .ARM.Collect$$$$00000004                 0x0800018c   Section        4  entry5.o(.ARM.Collect$$$$00000004)
    .ARM.Collect$$$$00000008                 0x08000190   Section        0  entry7b.o(.ARM.Collect$$$$00000008)
    .ARM.Collect$$$$0000000A                 0x08000190   Section        0  entry8b.o(.ARM.Collect$$$$0000000A)
    .ARM.Collect$$$$0000000B                 0x08000190   Section        8  entry9a.o(.ARM.Collect$$$$0000000B)
    .ARM.Collect$$$$0000000D                 0x08000198   Section        0  entry10a.o(.ARM.Collect$$$$0000000D)
    .ARM.Collect$$$$0000000F                 0x08000198   Section        0  entry11a.o(.ARM.Collect$$$$0000000F)
    .ARM.Collect$$$$00002712                 0x08000198   Section        4  entry2.o(.ARM.Collect$$$$00002712)
    __lit__00000000                          0x08000198   Data           4  entry2.o(.ARM.Collect$$$$00002712)
    .text                                    0x0800019c   Section       36  startup_stm32f407xx.o(.text)
    $v0                                      0x0800019c   Number         0  startup_stm32f407xx.o(.text)
    .text                                    0x080001c0   Section        0  uldiv.o(.text)
    .text                                    0x08000222   Section        0  memcpya.o(.text)
    .text                                    0x08000246   Section        0  memseta.o(.text)
    .text                                    0x0800026a   Section        0  uidiv.o(.text)
    .text                                    0x08000296   Section        0  llshl.o(.text)
    .text                                    0x080002b4   Section        0  llushr.o(.text)
    .text                                    0x080002d4   Section       36  init.o(.text)
    i.BSP_SD_AbortCallback                   0x080002f8   Section        0  sdio_sd.o(i.BSP_SD_AbortCallback)
    i.BSP_SD_GetCardInfo                     0x080002fc   Section        0  sdio_sd.o(i.BSP_SD_GetCardInfo)
    i.BSP_SD_GetCardState                    0x08000308   Section        0  sdio_sd.o(i.BSP_SD_GetCardState)
    i.BSP_SD_Init                            0x08000320   Section        0  sdio_sd.o(i.BSP_SD_Init)
    i.BSP_SD_MspInit                         0x08000364   Section        0  sdio_sd.o(i.BSP_SD_MspInit)
    i.BSP_SD_ReadBlocks                      0x080004ac   Section        0  sdio_sd.o(i.BSP_SD_ReadBlocks)
    i.BSP_SD_ReadCpltCallback                0x080004c8   Section        0  sdio_sd.o(i.BSP_SD_ReadCpltCallback)
    i.BSP_SD_WriteBlocks                     0x080004cc   Section        0  sdio_sd.o(i.BSP_SD_WriteBlocks)
    i.BSP_SD_WriteCpltCallback               0x080004e8   Section        0  sdio_sd.o(i.BSP_SD_WriteCpltCallback)
    i.BusFault_Handler                       0x080004ea   Section        0  stm32f4xx_it.o(i.BusFault_Handler)
    i.DMA2_Stream3_IRQHandler                0x080004ec   Section        0  stm32f4xx_it.o(i.DMA2_Stream3_IRQHandler)
    i.DMA2_Stream6_IRQHandler                0x080004f8   Section        0  stm32f4xx_it.o(i.DMA2_Stream6_IRQHandler)
    i.DMA_CalcBaseAndBitshift                0x08000504   Section        0  stm32f4xx_hal_dma.o(i.DMA_CalcBaseAndBitshift)
    DMA_CalcBaseAndBitshift                  0x08000505   Thumb Code    34  stm32f4xx_hal_dma.o(i.DMA_CalcBaseAndBitshift)
    i.DMA_CheckFifoParam                     0x0800052c   Section        0  stm32f4xx_hal_dma.o(i.DMA_CheckFifoParam)
    DMA_CheckFifoParam                       0x0800052d   Thumb Code    84  stm32f4xx_hal_dma.o(i.DMA_CheckFifoParam)
    i.DebugMon_Handler                       0x08000580   Section        0  stm32f4xx_it.o(i.DebugMon_Handler)
    i.FATFS_LinkDriver                       0x08000582   Section        0  ff_gen_drv.o(i.FATFS_LinkDriver)
    i.FATFS_LinkDriverEx                     0x08000588   Section        0  ff_gen_drv.o(i.FATFS_LinkDriverEx)
    i.FatFs_Check                            0x080005c8   Section        0  main.o(i.FatFs_Check)
    i.FatFs_FileTest                         0x080006a0   Section        0  main.o(i.FatFs_FileTest)
    i.FatFs_GetVolume                        0x0800094c   Section        0  main.o(i.FatFs_GetVolume)
    i.HAL_DMA_Abort_IT                       0x080009e0   Section        0  stm32f4xx_hal_dma.o(i.HAL_DMA_Abort_IT)
    i.HAL_DMA_DeInit                         0x08000a04   Section        0  stm32f4xx_hal_dma.o(i.HAL_DMA_DeInit)
    i.HAL_DMA_IRQHandler                     0x08000a68   Section        0  stm32f4xx_hal_dma.o(i.HAL_DMA_IRQHandler)
    i.HAL_DMA_Init                           0x08000c08   Section        0  stm32f4xx_hal_dma.o(i.HAL_DMA_Init)
    i.HAL_Delay                              0x08000cdc   Section        0  stm32f4xx_hal.o(i.HAL_Delay)
    i.HAL_GPIO_Init                          0x08000d00   Section        0  stm32f4xx_hal_gpio.o(i.HAL_GPIO_Init)
    i.HAL_GPIO_TogglePin                     0x08000ef0   Section        0  stm32f4xx_hal_gpio.o(i.HAL_GPIO_TogglePin)
    i.HAL_GPIO_WritePin                      0x08000f00   Section        0  stm32f4xx_hal_gpio.o(i.HAL_GPIO_WritePin)
    i.HAL_GetTick                            0x08000f0c   Section        0  stm32f4xx_hal.o(i.HAL_GetTick)
    i.HAL_IncTick                            0x08000f18   Section        0  stm32f4xx_hal.o(i.HAL_IncTick)
    i.HAL_Init                               0x08000f28   Section        0  stm32f4xx_hal.o(i.HAL_Init)
    i.HAL_InitTick                           0x08000f5c   Section        0  stm32f4xx_hal.o(i.HAL_InitTick)
    i.HAL_MspInit                            0x08000f9c   Section        0  stm32f4xx_hal_msp.o(i.HAL_MspInit)
    i.HAL_NVIC_EnableIRQ                     0x08000fcc   Section        0  stm32f4xx_hal_cortex.o(i.HAL_NVIC_EnableIRQ)
    i.HAL_NVIC_SetPriority                   0x08000fe8   Section        0  stm32f4xx_hal_cortex.o(i.HAL_NVIC_SetPriority)
    i.HAL_NVIC_SetPriorityGrouping           0x08001028   Section        0  stm32f4xx_hal_cortex.o(i.HAL_NVIC_SetPriorityGrouping)
    i.HAL_RCC_ClockConfig                    0x0800104c   Section        0  stm32f4xx_hal_rcc.o(i.HAL_RCC_ClockConfig)
    i.HAL_RCC_GetPCLK1Freq                   0x08001180   Section        0  stm32f4xx_hal_rcc.o(i.HAL_RCC_GetPCLK1Freq)
    i.HAL_RCC_GetPCLK2Freq                   0x080011a0   Section        0  stm32f4xx_hal_rcc.o(i.HAL_RCC_GetPCLK2Freq)
    i.HAL_RCC_GetSysClockFreq                0x080011c0   Section        0  stm32f4xx_hal_rcc.o(i.HAL_RCC_GetSysClockFreq)
    i.HAL_RCC_OscConfig                      0x08001220   Section        0  stm32f4xx_hal_rcc.o(i.HAL_RCC_OscConfig)
    i.HAL_SD_AbortCallback                   0x0800158c   Section        0  sdio_sd.o(i.HAL_SD_AbortCallback)
    i.HAL_SD_ConfigWideBusOperation          0x08001594   Section        0  stm32f4xx_hal_sd.o(i.HAL_SD_ConfigWideBusOperation)
    i.HAL_SD_ErrorCallback                   0x080016ac   Section        0  stm32f4xx_hal_sd.o(i.HAL_SD_ErrorCallback)
    i.HAL_SD_GetCardCSD                      0x080016b0   Section        0  stm32f4xx_hal_sd.o(i.HAL_SD_GetCardCSD)
    i.HAL_SD_GetCardInfo                     0x08001848   Section        0  stm32f4xx_hal_sd.o(i.HAL_SD_GetCardInfo)
    i.HAL_SD_GetCardState                    0x0800186c   Section        0  stm32f4xx_hal_sd.o(i.HAL_SD_GetCardState)
    i.HAL_SD_IRQHandler                      0x08001898   Section        0  stm32f4xx_hal_sd.o(i.HAL_SD_IRQHandler)
    i.HAL_SD_Init                            0x08001aa0   Section        0  stm32f4xx_hal_sd.o(i.HAL_SD_Init)
    i.HAL_SD_InitCard                        0x08001ad8   Section        0  stm32f4xx_hal_sd.o(i.HAL_SD_InitCard)
    i.HAL_SD_MspInit                         0x08001b54   Section        0  stm32f4xx_hal_sd.o(i.HAL_SD_MspInit)
    i.HAL_SD_ReadBlocks                      0x08001b58   Section        0  stm32f4xx_hal_sd.o(i.HAL_SD_ReadBlocks)
    i.HAL_SD_RxCpltCallback                  0x08001d30   Section        0  sdio_sd.o(i.HAL_SD_RxCpltCallback)
    i.HAL_SD_TxCpltCallback                  0x08001d38   Section        0  sdio_sd.o(i.HAL_SD_TxCpltCallback)
    i.HAL_SD_WriteBlocks                     0x08001d40   Section        0  stm32f4xx_hal_sd.o(i.HAL_SD_WriteBlocks)
    i.HAL_SYSTICK_Config                     0x08001eec   Section        0  stm32f4xx_hal_cortex.o(i.HAL_SYSTICK_Config)
    i.HAL_UART_Init                          0x08001f14   Section        0  stm32f4xx_hal_uart.o(i.HAL_UART_Init)
    i.HAL_UART_MspInit                       0x08001f78   Section        0  usart.o(i.HAL_UART_MspInit)
    i.HAL_UART_Transmit                      0x08002000   Section        0  stm32f4xx_hal_uart.o(i.HAL_UART_Transmit)
    i.HardFault_Handler                      0x080020b2   Section        0  stm32f4xx_it.o(i.HardFault_Handler)
    i.KEY_Init                               0x080020b4   Section        0  key.o(i.KEY_Init)
    i.LED_Init                               0x080020f4   Section        0  led.o(i.LED_Init)
    i.MemManage_Handler                      0x08002144   Section        0  stm32f4xx_it.o(i.MemManage_Handler)
    i.NMI_Handler                            0x08002146   Section        0  stm32f4xx_it.o(i.NMI_Handler)
    i.PendSV_Handler                         0x08002148   Section        0  stm32f4xx_it.o(i.PendSV_Handler)
    i.SDIO_ConfigData                        0x0800214a   Section        0  stm32f4xx_ll_sdmmc.o(i.SDIO_ConfigData)
    i.SDIO_GetPowerState                     0x0800216e   Section        0  stm32f4xx_ll_sdmmc.o(i.SDIO_GetPowerState)
    i.SDIO_GetResponse                       0x08002176   Section        0  stm32f4xx_ll_sdmmc.o(i.SDIO_GetResponse)
    i.SDIO_IRQHandler                        0x0800217c   Section        0  stm32f4xx_it.o(i.SDIO_IRQHandler)
    i.SDIO_Init                              0x08002188   Section        0  stm32f4xx_ll_sdmmc.o(i.SDIO_Init)
    i.SDIO_PowerState_ON                     0x080021ac   Section        0  stm32f4xx_ll_sdmmc.o(i.SDIO_PowerState_ON)
    i.SDIO_ReadFIFO                          0x080021b4   Section        0  stm32f4xx_ll_sdmmc.o(i.SDIO_ReadFIFO)
    i.SDIO_SendCommand                       0x080021ba   Section        0  stm32f4xx_ll_sdmmc.o(i.SDIO_SendCommand)
    i.SDIO_WriteFIFO                         0x080021da   Section        0  stm32f4xx_ll_sdmmc.o(i.SDIO_WriteFIFO)
    i.SDMMC_CmdAppCommand                    0x080021e4   Section        0  stm32f4xx_ll_sdmmc.o(i.SDMMC_CmdAppCommand)
    i.SDMMC_CmdAppOperCommand                0x08002218   Section        0  stm32f4xx_ll_sdmmc.o(i.SDMMC_CmdAppOperCommand)
    i.SDMMC_CmdBlockLength                   0x0800224c   Section        0  stm32f4xx_ll_sdmmc.o(i.SDMMC_CmdBlockLength)
    i.SDMMC_CmdBusWidth                      0x0800227e   Section        0  stm32f4xx_ll_sdmmc.o(i.SDMMC_CmdBusWidth)
    i.SDMMC_CmdGoIdleState                   0x080022b0   Section        0  stm32f4xx_ll_sdmmc.o(i.SDMMC_CmdGoIdleState)
    i.SDMMC_CmdOperCond                      0x08002300   Section        0  stm32f4xx_ll_sdmmc.o(i.SDMMC_CmdOperCond)
    i.SDMMC_CmdReadMultiBlock                0x08002330   Section        0  stm32f4xx_ll_sdmmc.o(i.SDMMC_CmdReadMultiBlock)
    i.SDMMC_CmdReadSingleBlock               0x08002362   Section        0  stm32f4xx_ll_sdmmc.o(i.SDMMC_CmdReadSingleBlock)
    i.SDMMC_CmdSelDesel                      0x08002394   Section        0  stm32f4xx_ll_sdmmc.o(i.SDMMC_CmdSelDesel)
    i.SDMMC_CmdSendCID                       0x080023c6   Section        0  stm32f4xx_ll_sdmmc.o(i.SDMMC_CmdSendCID)
    i.SDMMC_CmdSendCSD                       0x080023f2   Section        0  stm32f4xx_ll_sdmmc.o(i.SDMMC_CmdSendCSD)
    i.SDMMC_CmdSendSCR                       0x0800241e   Section        0  stm32f4xx_ll_sdmmc.o(i.SDMMC_CmdSendSCR)
    i.SDMMC_CmdSendStatus                    0x0800244e   Section        0  stm32f4xx_ll_sdmmc.o(i.SDMMC_CmdSendStatus)
    i.SDMMC_CmdSetRelAdd                     0x08002480   Section        0  stm32f4xx_ll_sdmmc.o(i.SDMMC_CmdSetRelAdd)
    i.SDMMC_CmdStopTransfer                  0x080024b0   Section        0  stm32f4xx_ll_sdmmc.o(i.SDMMC_CmdStopTransfer)
    i.SDMMC_CmdWriteMultiBlock               0x080024e4   Section        0  stm32f4xx_ll_sdmmc.o(i.SDMMC_CmdWriteMultiBlock)
    i.SDMMC_CmdWriteSingleBlock              0x08002516   Section        0  stm32f4xx_ll_sdmmc.o(i.SDMMC_CmdWriteSingleBlock)
    i.SDMMC_GetCmdResp1                      0x08002548   Section        0  stm32f4xx_ll_sdmmc.o(i.SDMMC_GetCmdResp1)
    i.SDMMC_GetCmdResp2                      0x08002668   Section        0  stm32f4xx_ll_sdmmc.o(i.SDMMC_GetCmdResp2)
    i.SDMMC_GetCmdResp3                      0x080026b8   Section        0  stm32f4xx_ll_sdmmc.o(i.SDMMC_GetCmdResp3)
    i.SDMMC_GetCmdResp6                      0x080026fc   Section        0  stm32f4xx_ll_sdmmc.o(i.SDMMC_GetCmdResp6)
    i.SDMMC_GetCmdResp7                      0x08002784   Section        0  stm32f4xx_ll_sdmmc.o(i.SDMMC_GetCmdResp7)
    i.SD_CheckStatus                         0x080027dc   Section        0  sd_diskio.o(i.SD_CheckStatus)
    SD_CheckStatus                           0x080027dd   Thumb Code    26  sd_diskio.o(i.SD_CheckStatus)
    i.SD_DMARxAbort                          0x080027fc   Section        0  stm32f4xx_hal_sd.o(i.SD_DMARxAbort)
    SD_DMARxAbort                            0x080027fd   Thumb Code    68  stm32f4xx_hal_sd.o(i.SD_DMARxAbort)
    i.SD_DMATxAbort                          0x08002840   Section        0  stm32f4xx_hal_sd.o(i.SD_DMATxAbort)
    SD_DMATxAbort                            0x08002841   Thumb Code    68  stm32f4xx_hal_sd.o(i.SD_DMATxAbort)
    i.SD_FindSCR                             0x08002884   Section        0  stm32f4xx_hal_sd.o(i.SD_FindSCR)
    SD_FindSCR                               0x08002885   Thumb Code   218  stm32f4xx_hal_sd.o(i.SD_FindSCR)
    i.SD_InitCard                            0x0800295e   Section        0  stm32f4xx_hal_sd.o(i.SD_InitCard)
    SD_InitCard                              0x0800295f   Thumb Code   238  stm32f4xx_hal_sd.o(i.SD_InitCard)
    i.SD_PowerON                             0x08002a4c   Section        0  stm32f4xx_hal_sd.o(i.SD_PowerON)
    SD_PowerON                               0x08002a4d   Thumb Code   174  stm32f4xx_hal_sd.o(i.SD_PowerON)
    i.SD_initialize                          0x08002b00   Section        0  sd_diskio.o(i.SD_initialize)
    i.SD_ioctl                               0x08002b20   Section        0  sd_diskio.o(i.SD_ioctl)
    i.SD_read                                0x08002b70   Section        0  sd_diskio.o(i.SD_read)
    i.SD_status                              0x08002b96   Section        0  sd_diskio.o(i.SD_status)
    i.SD_write                               0x08002b9c   Section        0  sd_diskio.o(i.SD_write)
    i.SVC_Handler                            0x08002bc2   Section        0  stm32f4xx_it.o(i.SVC_Handler)
    i.SysTick_Handler                        0x08002bc4   Section        0  stm32f4xx_it.o(i.SysTick_Handler)
    i.SystemClock_Config                     0x08002bc8   Section        0  main.o(i.SystemClock_Config)
    i.SystemInit                             0x08002c60   Section        0  system_stm32f4xx.o(i.SystemInit)
    i.UART_SetConfig                         0x08002c70   Section        0  stm32f4xx_hal_uart.o(i.UART_SetConfig)
    UART_SetConfig                           0x08002c71   Thumb Code   258  stm32f4xx_hal_uart.o(i.UART_SetConfig)
    i.UART_WaitOnFlagUntilTimeout            0x08002d7c   Section        0  stm32f4xx_hal_uart.o(i.UART_WaitOnFlagUntilTimeout)
    UART_WaitOnFlagUntilTimeout              0x08002d7d   Thumb Code   120  stm32f4xx_hal_uart.o(i.UART_WaitOnFlagUntilTimeout)
    i.USART1_Init                            0x08002df4   Section        0  usart.o(i.USART1_Init)
    i.UsageFault_Handler                     0x08002e1c   Section        0  stm32f4xx_it.o(i.UsageFault_Handler)
    i.__0printf$3                            0x08002e20   Section        0  printf3.o(i.__0printf$3)
    i.__NVIC_SetPriority                     0x08002e40   Section        0  stm32f4xx_hal_cortex.o(i.__NVIC_SetPriority)
    __NVIC_SetPriority                       0x08002e41   Thumb Code    32  stm32f4xx_hal_cortex.o(i.__NVIC_SetPriority)
    i.__scatterload_copy                     0x08002e60   Section       14  handlers.o(i.__scatterload_copy)
    i.__scatterload_null                     0x08002e6e   Section        2  handlers.o(i.__scatterload_null)
    i.__scatterload_zeroinit                 0x08002e70   Section       14  handlers.o(i.__scatterload_zeroinit)
    i._printf_core                           0x08002e80   Section        0  printf3.o(i._printf_core)
    _printf_core                             0x08002e81   Thumb Code   436  printf3.o(i._printf_core)
    i.check_fs                               0x08003038   Section        0  ff.o(i.check_fs)
    check_fs                                 0x08003039   Thumb Code   100  ff.o(i.check_fs)
    i.chk_chr                                0x080030a8   Section        0  ff.o(i.chk_chr)
    chk_chr                                  0x080030a9   Thumb Code    16  ff.o(i.chk_chr)
    i.clst2sect                              0x080030b8   Section        0  ff.o(i.clst2sect)
    clst2sect                                0x080030b9   Thumb Code    24  ff.o(i.clst2sect)
    i.cmp_lfn                                0x080030d0   Section        0  ff.o(i.cmp_lfn)
    cmp_lfn                                  0x080030d1   Thumb Code   124  ff.o(i.cmp_lfn)
    i.create_chain                           0x08003150   Section        0  ff.o(i.create_chain)
    create_chain                             0x08003151   Thumb Code   218  ff.o(i.create_chain)
    i.create_name                            0x0800322c   Section        0  ff.o(i.create_name)
    create_name                              0x0800322d   Thumb Code   554  ff.o(i.create_name)
    i.dbc_1st                                0x08003470   Section        0  ff.o(i.dbc_1st)
    dbc_1st                                  0x08003471   Thumb Code     8  ff.o(i.dbc_1st)
    i.dir_clear                              0x08003478   Section        0  ff.o(i.dir_clear)
    dir_clear                                0x08003479   Thumb Code    88  ff.o(i.dir_clear)
    i.dir_find                               0x080034d0   Section        0  ff.o(i.dir_find)
    dir_find                                 0x080034d1   Thumb Code   190  ff.o(i.dir_find)
    i.dir_next                               0x0800358e   Section        0  ff.o(i.dir_next)
    dir_next                                 0x0800358f   Thumb Code   188  ff.o(i.dir_next)
    i.dir_register                           0x0800364c   Section        0  ff.o(i.dir_register)
    dir_register                             0x0800364d   Thumb Code   480  ff.o(i.dir_register)
    i.dir_sdi                                0x08003830   Section        0  ff.o(i.dir_sdi)
    dir_sdi                                  0x08003831   Thumb Code   142  ff.o(i.dir_sdi)
    i.disk_initialize                        0x080038c0   Section        0  diskio.o(i.disk_initialize)
    i.disk_ioctl                             0x080038e8   Section        0  diskio.o(i.disk_ioctl)
    i.disk_read                              0x08003904   Section        0  diskio.o(i.disk_read)
    i.disk_status                            0x08003920   Section        0  diskio.o(i.disk_status)
    i.disk_write                             0x08003938   Section        0  diskio.o(i.disk_write)
    i.f_close                                0x08003954   Section        0  ff.o(i.f_close)
    i.f_getfree                              0x08003972   Section        0  ff.o(i.f_getfree)
    i.f_mkfs                                 0x08003a44   Section        0  ff.o(i.f_mkfs)
    i.f_mount                                0x08003fc4   Section        0  ff.o(i.f_mount)
    i.f_open                                 0x0800400c   Section        0  ff.o(i.f_open)
    i.f_read                                 0x080041ca   Section        0  ff.o(i.f_read)
    i.f_sync                                 0x08004336   Section        0  ff.o(i.f_sync)
    i.f_write                                0x080043c4   Section        0  ff.o(i.f_write)
    i.ff_oem2uni                             0x08004568   Section        0  ffunicode.o(i.ff_oem2uni)
    i.ff_uni2oem                             0x08004598   Section        0  ffunicode.o(i.ff_uni2oem)
    i.ff_wtoupper                            0x080045cc   Section        0  ffunicode.o(i.ff_wtoupper)
    i.find_volume                            0x0800464c   Section        0  ff.o(i.find_volume)
    find_volume                              0x0800464d   Thumb Code   644  ff.o(i.find_volume)
    i.follow_path                            0x080048e0   Section        0  ff.o(i.follow_path)
    follow_path                              0x080048e1   Thumb Code   124  ff.o(i.follow_path)
    i.fputc                                  0x0800495c   Section        0  usart.o(i.fputc)
    i.gen_numname                            0x08004974   Section        0  ff.o(i.gen_numname)
    gen_numname                              0x08004975   Thumb Code   140  ff.o(i.gen_numname)
    i.get_fat                                0x08004a04   Section        0  ff.o(i.get_fat)
    get_fat                                  0x08004a05   Thumb Code   232  ff.o(i.get_fat)
    i.get_fattime                            0x08004aec   Section        0  diskio.o(i.get_fattime)
    i.get_ldnumber                           0x08004af0   Section        0  ff.o(i.get_ldnumber)
    get_ldnumber                             0x08004af1   Thumb Code    60  ff.o(i.get_ldnumber)
    i.ld_clust                               0x08004b2c   Section        0  ff.o(i.ld_clust)
    ld_clust                                 0x08004b2d   Thumb Code    38  ff.o(i.ld_clust)
    i.ld_dword                               0x08004b52   Section        0  ff.o(i.ld_dword)
    ld_dword                                 0x08004b53   Thumb Code    22  ff.o(i.ld_dword)
    i.ld_word                                0x08004b68   Section        0  ff.o(i.ld_word)
    ld_word                                  0x08004b69   Thumb Code    10  ff.o(i.ld_word)
    i.main                                   0x08004b74   Section        0  main.o(i.main)
    i.mem_cmp                                0x08004bb0   Section        0  ff.o(i.mem_cmp)
    mem_cmp                                  0x08004bb1   Thumb Code    26  ff.o(i.mem_cmp)
    i.mem_cpy                                0x08004bca   Section        0  ff.o(i.mem_cpy)
    mem_cpy                                  0x08004bcb   Thumb Code    18  ff.o(i.mem_cpy)
    i.mem_set                                0x08004bdc   Section        0  ff.o(i.mem_set)
    mem_set                                  0x08004bdd   Thumb Code    14  ff.o(i.mem_set)
    i.move_window                            0x08004bea   Section        0  ff.o(i.move_window)
    move_window                              0x08004beb   Thumb Code    50  ff.o(i.move_window)
    i.put_fat                                0x08004c1c   Section        0  ff.o(i.put_fat)
    put_fat                                  0x08004c1d   Thumb Code   292  ff.o(i.put_fat)
    i.remove_chain                           0x08004d40   Section        0  ff.o(i.remove_chain)
    remove_chain                             0x08004d41   Thumb Code   116  ff.o(i.remove_chain)
    i.st_clust                               0x08004db4   Section        0  ff.o(i.st_clust)
    st_clust                                 0x08004db5   Thumb Code    40  ff.o(i.st_clust)
    i.st_dword                               0x08004ddc   Section        0  ff.o(i.st_dword)
    st_dword                                 0x08004ddd   Thumb Code    16  ff.o(i.st_dword)
    i.st_word                                0x08004dec   Section        0  ff.o(i.st_word)
    st_word                                  0x08004ded   Thumb Code     8  ff.o(i.st_word)
    i.sum_sfn                                0x08004df4   Section        0  ff.o(i.sum_sfn)
    sum_sfn                                  0x08004df5   Thumb Code    26  ff.o(i.sum_sfn)
    i.sync_fs                                0x08004e10   Section        0  ff.o(i.sync_fs)
    sync_fs                                  0x08004e11   Thumb Code   126  ff.o(i.sync_fs)
    i.sync_window                            0x08004e98   Section        0  ff.o(i.sync_window)
    sync_window                              0x08004e99   Thumb Code    70  ff.o(i.sync_window)
    i.validate                               0x08004ede   Section        0  ff.o(i.validate)
    validate                                 0x08004edf   Thumb Code    52  ff.o(i.validate)
    .constdata                               0x08004f12   Section        8  stm32f4xx_hal_dma.o(.constdata)
    flagBitshiftOffset                       0x08004f12   Data           8  stm32f4xx_hal_dma.o(.constdata)
    .constdata                               0x08004f1a   Section       16  system_stm32f4xx.o(.constdata)
    .constdata                               0x08004f2a   Section        8  system_stm32f4xx.o(.constdata)
    .constdata                               0x08004f32   Section      170  ff.o(.constdata)
    LfnOfs                                   0x08004f32   Data          13  ff.o(.constdata)
    ExCvt                                    0x08004f3f   Data         128  ff.o(.constdata)
    cst                                      0x08004fc0   Data          14  ff.o(.constdata)
    cst32                                    0x08004fce   Data          14  ff.o(.constdata)
    .constdata                               0x08004fdc   Section      942  ffunicode.o(.constdata)
    uc437                                    0x08004fdc   Data         256  ffunicode.o(.constdata)
    cvt1                                     0x080050dc   Data         498  ffunicode.o(.constdata)
    cvt2                                     0x080052ce   Data         188  ffunicode.o(.constdata)
    .constdata                               0x0800538c   Section       20  sd_diskio.o(.constdata)
    .data                                    0x20000000   Section        5  main.o(.data)
    .data                                    0x20000008   Section       12  stm32f4xx_hal.o(.data)
    .data                                    0x20000014   Section        4  system_stm32f4xx.o(.data)
    .data                                    0x20000018   Section       12  ff.o(.data)
    Fsid                                     0x20000018   Data           2  ff.o(.data)
    FatFs                                    0x2000001c   Data           8  ff.o(.data)
    .data                                    0x20000024   Section        1  sd_diskio.o(.data)
    Stat                                     0x20000024   Data           1  sd_diskio.o(.data)
    .data                                    0x20000028   Section        4  stdout.o(.data)
    .bss                                     0x2000002c   Section     4152  main.o(.bss)
    .bss                                     0x20001064   Section       68  usart.o(.bss)
    .bss                                     0x200010a8   Section      324  sdio_sd.o(.bss)
    dmaRxHandle                              0x200010a8   Data          96  sdio_sd.o(.bss)
    dmaTxHandle                              0x20001108   Data          96  sdio_sd.o(.bss)
    .bss                                     0x200011ec   Section       16  ff_gen_drv.o(.bss)
    STACK                                    0x20001200   Section    12288  startup_stm32f407xx.o(STACK)

    Global Symbols

    Symbol Name                              Value     Ov Type        Size  Object(Section)

    BuildAttributes$$THM_ISAv4$E$P$D$K$B$S$7EM$VFPi3$EXTD16$VFPS$VFMA$PE$A:L22UL41UL21$X:L11$S22US41US21$IEEE1$IW$USESV6$~STKCKD$USESV7$~SHL$OSPACE$ROPI$EBA8$MICROLIB$REQ8$PRES8$EABIv2 0x00000000   Number         0  anon$$obj.o ABSOLUTE
    __ARM_use_no_argv                        0x00000000   Number         0  main.o ABSOLUTE
    _printf_a                                0x00000000   Number         0  stubs.o ABSOLUTE
    _printf_c                                0x00000000   Number         0  stubs.o ABSOLUTE
    _printf_charcount                        0x00000000   Number         0  stubs.o ABSOLUTE
    _printf_d                                0x00000000   Number         0  stubs.o ABSOLUTE
    _printf_e                                0x00000000   Number         0  stubs.o ABSOLUTE
    _printf_f                                0x00000000   Number         0  stubs.o ABSOLUTE
    _printf_flags                            0x00000000   Number         0  stubs.o ABSOLUTE
    _printf_fp_dec                           0x00000000   Number         0  stubs.o ABSOLUTE
    _printf_fp_hex                           0x00000000   Number         0  stubs.o ABSOLUTE
    _printf_g                                0x00000000   Number         0  stubs.o ABSOLUTE
    _printf_i                                0x00000000   Number         0  stubs.o ABSOLUTE
    _printf_int_dec                          0x00000000   Number         0  stubs.o ABSOLUTE
    _printf_l                                0x00000000   Number         0  stubs.o ABSOLUTE
    _printf_lc                               0x00000000   Number         0  stubs.o ABSOLUTE
    _printf_ll                               0x00000000   Number         0  stubs.o ABSOLUTE
    _printf_lld                              0x00000000   Number         0  stubs.o ABSOLUTE
    _printf_lli                              0x00000000   Number         0  stubs.o ABSOLUTE
    _printf_llo                              0x00000000   Number         0  stubs.o ABSOLUTE
    _printf_llu                              0x00000000   Number         0  stubs.o ABSOLUTE
    _printf_llx                              0x00000000   Number         0  stubs.o ABSOLUTE
    _printf_longlong_dec                     0x00000000   Number         0  stubs.o ABSOLUTE
    _printf_longlong_hex                     0x00000000   Number         0  stubs.o ABSOLUTE
    _printf_longlong_oct                     0x00000000   Number         0  stubs.o ABSOLUTE
    _printf_ls                               0x00000000   Number         0  stubs.o ABSOLUTE
    _printf_mbtowc                           0x00000000   Number         0  stubs.o ABSOLUTE
    _printf_n                                0x00000000   Number         0  stubs.o ABSOLUTE
    _printf_o                                0x00000000   Number         0  stubs.o ABSOLUTE
    _printf_p                                0x00000000   Number         0  stubs.o ABSOLUTE
    _printf_percent                          0x00000000   Number         0  stubs.o ABSOLUTE
    _printf_pre_padding                      0x00000000   Number         0  stubs.o ABSOLUTE
    _printf_return_value                     0x00000000   Number         0  stubs.o ABSOLUTE
    _printf_s                                0x00000000   Number         0  stubs.o ABSOLUTE
    _printf_sizespec                         0x00000000   Number         0  stubs.o ABSOLUTE
    _printf_str                              0x00000000   Number         0  stubs.o ABSOLUTE
    _printf_truncate_signed                  0x00000000   Number         0  stubs.o ABSOLUTE
    _printf_truncate_unsigned                0x00000000   Number         0  stubs.o ABSOLUTE
    _printf_u                                0x00000000   Number         0  stubs.o ABSOLUTE
    _printf_wc                               0x00000000   Number         0  stubs.o ABSOLUTE
    _printf_wctomb                           0x00000000   Number         0  stubs.o ABSOLUTE
    _printf_widthprec                        0x00000000   Number         0  stubs.o ABSOLUTE
    _printf_x                                0x00000000   Number         0  stubs.o ABSOLUTE
    __cpp_initialize__aeabi_                  - Undefined Weak Reference
    __cxa_finalize                            - Undefined Weak Reference
    __decompress                              - Undefined Weak Reference
    _clock_init                               - Undefined Weak Reference
    _microlib_exit                            - Undefined Weak Reference
    __Vectors_Size                           0x00000188   Number         0  startup_stm32f407xx.o ABSOLUTE
    __Vectors                                0x08000000   Data           4  startup_stm32f407xx.o(RESET)
    __Vectors_End                            0x08000188   Data           0  startup_stm32f407xx.o(RESET)
    __main                                   0x08000189   Thumb Code     0  entry.o(.ARM.Collect$$$$00000000)
    _main_stk                                0x08000189   Thumb Code     0  entry2.o(.ARM.Collect$$$$00000001)
    _main_scatterload                        0x0800018d   Thumb Code     0  entry5.o(.ARM.Collect$$$$00000004)
    __main_after_scatterload                 0x08000191   Thumb Code     0  entry5.o(.ARM.Collect$$$$00000004)
    _main_clock                              0x08000191   Thumb Code     0  entry7b.o(.ARM.Collect$$$$00000008)
    _main_cpp_init                           0x08000191   Thumb Code     0  entry8b.o(.ARM.Collect$$$$0000000A)
    _main_init                               0x08000191   Thumb Code     0  entry9a.o(.ARM.Collect$$$$0000000B)
    __rt_final_cpp                           0x08000199   Thumb Code     0  entry10a.o(.ARM.Collect$$$$0000000D)
    __rt_final_exit                          0x08000199   Thumb Code     0  entry11a.o(.ARM.Collect$$$$0000000F)
    Reset_Handler                            0x0800019d   Thumb Code     8  startup_stm32f407xx.o(.text)
    ADC_IRQHandler                           0x080001b7   Thumb Code     0  startup_stm32f407xx.o(.text)
    CAN1_RX0_IRQHandler                      0x080001b7   Thumb Code     0  startup_stm32f407xx.o(.text)
    CAN1_RX1_IRQHandler                      0x080001b7   Thumb Code     0  startup_stm32f407xx.o(.text)
    CAN1_SCE_IRQHandler                      0x080001b7   Thumb Code     0  startup_stm32f407xx.o(.text)
    CAN1_TX_IRQHandler                       0x080001b7   Thumb Code     0  startup_stm32f407xx.o(.text)
    CAN2_RX0_IRQHandler                      0x080001b7   Thumb Code     0  startup_stm32f407xx.o(.text)
    CAN2_RX1_IRQHandler                      0x080001b7   Thumb Code     0  startup_stm32f407xx.o(.text)
    CAN2_SCE_IRQHandler                      0x080001b7   Thumb Code     0  startup_stm32f407xx.o(.text)
    CAN2_TX_IRQHandler                       0x080001b7   Thumb Code     0  startup_stm32f407xx.o(.text)
    DCMI_IRQHandler                          0x080001b7   Thumb Code     0  startup_stm32f407xx.o(.text)
    DMA1_Stream0_IRQHandler                  0x080001b7   Thumb Code     0  startup_stm32f407xx.o(.text)
    DMA1_Stream1_IRQHandler                  0x080001b7   Thumb Code     0  startup_stm32f407xx.o(.text)
    DMA1_Stream2_IRQHandler                  0x080001b7   Thumb Code     0  startup_stm32f407xx.o(.text)
    DMA1_Stream3_IRQHandler                  0x080001b7   Thumb Code     0  startup_stm32f407xx.o(.text)
    DMA1_Stream4_IRQHandler                  0x080001b7   Thumb Code     0  startup_stm32f407xx.o(.text)
    DMA1_Stream5_IRQHandler                  0x080001b7   Thumb Code     0  startup_stm32f407xx.o(.text)
    DMA1_Stream6_IRQHandler                  0x080001b7   Thumb Code     0  startup_stm32f407xx.o(.text)
    DMA1_Stream7_IRQHandler                  0x080001b7   Thumb Code     0  startup_stm32f407xx.o(.text)
    DMA2_Stream0_IRQHandler                  0x080001b7   Thumb Code     0  startup_stm32f407xx.o(.text)
    DMA2_Stream1_IRQHandler                  0x080001b7   Thumb Code     0  startup_stm32f407xx.o(.text)
    DMA2_Stream2_IRQHandler                  0x080001b7   Thumb Code     0  startup_stm32f407xx.o(.text)
    DMA2_Stream4_IRQHandler                  0x080001b7   Thumb Code     0  startup_stm32f407xx.o(.text)
    DMA2_Stream5_IRQHandler                  0x080001b7   Thumb Code     0  startup_stm32f407xx.o(.text)
    DMA2_Stream7_IRQHandler                  0x080001b7   Thumb Code     0  startup_stm32f407xx.o(.text)
    ETH_IRQHandler                           0x080001b7   Thumb Code     0  startup_stm32f407xx.o(.text)
    ETH_WKUP_IRQHandler                      0x080001b7   Thumb Code     0  startup_stm32f407xx.o(.text)
    EXTI0_IRQHandler                         0x080001b7   Thumb Code     0  startup_stm32f407xx.o(.text)
    EXTI15_10_IRQHandler                     0x080001b7   Thumb Code     0  startup_stm32f407xx.o(.text)
    EXTI1_IRQHandler                         0x080001b7   Thumb Code     0  startup_stm32f407xx.o(.text)
    EXTI2_IRQHandler                         0x080001b7   Thumb Code     0  startup_stm32f407xx.o(.text)
    EXTI3_IRQHandler                         0x080001b7   Thumb Code     0  startup_stm32f407xx.o(.text)
    EXTI4_IRQHandler                         0x080001b7   Thumb Code     0  startup_stm32f407xx.o(.text)
    EXTI9_5_IRQHandler                       0x080001b7   Thumb Code     0  startup_stm32f407xx.o(.text)
    FLASH_IRQHandler                         0x080001b7   Thumb Code     0  startup_stm32f407xx.o(.text)
    FMC_IRQHandler                           0x080001b7   Thumb Code     0  startup_stm32f407xx.o(.text)
    FPU_IRQHandler                           0x080001b7   Thumb Code     0  startup_stm32f407xx.o(.text)
    HASH_RNG_IRQHandler                      0x080001b7   Thumb Code     0  startup_stm32f407xx.o(.text)
    I2C1_ER_IRQHandler                       0x080001b7   Thumb Code     0  startup_stm32f407xx.o(.text)
    I2C1_EV_IRQHandler                       0x080001b7   Thumb Code     0  startup_stm32f407xx.o(.text)
    I2C2_ER_IRQHandler                       0x080001b7   Thumb Code     0  startup_stm32f407xx.o(.text)
    I2C2_EV_IRQHandler                       0x080001b7   Thumb Code     0  startup_stm32f407xx.o(.text)
    I2C3_ER_IRQHandler                       0x080001b7   Thumb Code     0  startup_stm32f407xx.o(.text)
    I2C3_EV_IRQHandler                       0x080001b7   Thumb Code     0  startup_stm32f407xx.o(.text)
    OTG_FS_IRQHandler                        0x080001b7   Thumb Code     0  startup_stm32f407xx.o(.text)
    OTG_FS_WKUP_IRQHandler                   0x080001b7   Thumb Code     0  startup_stm32f407xx.o(.text)
    OTG_HS_EP1_IN_IRQHandler                 0x080001b7   Thumb Code     0  startup_stm32f407xx.o(.text)
    OTG_HS_EP1_OUT_IRQHandler                0x080001b7   Thumb Code     0  startup_stm32f407xx.o(.text)
    OTG_HS_IRQHandler                        0x080001b7   Thumb Code     0  startup_stm32f407xx.o(.text)
    OTG_HS_WKUP_IRQHandler                   0x080001b7   Thumb Code     0  startup_stm32f407xx.o(.text)
    PVD_IRQHandler                           0x080001b7   Thumb Code     0  startup_stm32f407xx.o(.text)
    RCC_IRQHandler                           0x080001b7   Thumb Code     0  startup_stm32f407xx.o(.text)
    RTC_Alarm_IRQHandler                     0x080001b7   Thumb Code     0  startup_stm32f407xx.o(.text)
    RTC_WKUP_IRQHandler                      0x080001b7   Thumb Code     0  startup_stm32f407xx.o(.text)
    SPI1_IRQHandler                          0x080001b7   Thumb Code     0  startup_stm32f407xx.o(.text)
    SPI2_IRQHandler                          0x080001b7   Thumb Code     0  startup_stm32f407xx.o(.text)
    SPI3_IRQHandler                          0x080001b7   Thumb Code     0  startup_stm32f407xx.o(.text)
    TAMP_STAMP_IRQHandler                    0x080001b7   Thumb Code     0  startup_stm32f407xx.o(.text)
    TIM1_BRK_TIM9_IRQHandler                 0x080001b7   Thumb Code     0  startup_stm32f407xx.o(.text)
    TIM1_CC_IRQHandler                       0x080001b7   Thumb Code     0  startup_stm32f407xx.o(.text)
    TIM1_TRG_COM_TIM11_IRQHandler            0x080001b7   Thumb Code     0  startup_stm32f407xx.o(.text)
    TIM1_UP_TIM10_IRQHandler                 0x080001b7   Thumb Code     0  startup_stm32f407xx.o(.text)
    TIM2_IRQHandler                          0x080001b7   Thumb Code     0  startup_stm32f407xx.o(.text)
    TIM3_IRQHandler                          0x080001b7   Thumb Code     0  startup_stm32f407xx.o(.text)
    TIM4_IRQHandler                          0x080001b7   Thumb Code     0  startup_stm32f407xx.o(.text)
    TIM5_IRQHandler                          0x080001b7   Thumb Code     0  startup_stm32f407xx.o(.text)
    TIM6_DAC_IRQHandler                      0x080001b7   Thumb Code     0  startup_stm32f407xx.o(.text)
    TIM7_IRQHandler                          0x080001b7   Thumb Code     0  startup_stm32f407xx.o(.text)
    TIM8_BRK_TIM12_IRQHandler                0x080001b7   Thumb Code     0  startup_stm32f407xx.o(.text)
    TIM8_CC_IRQHandler                       0x080001b7   Thumb Code     0  startup_stm32f407xx.o(.text)
    TIM8_TRG_COM_TIM14_IRQHandler            0x080001b7   Thumb Code     0  startup_stm32f407xx.o(.text)
    TIM8_UP_TIM13_IRQHandler                 0x080001b7   Thumb Code     0  startup_stm32f407xx.o(.text)
    UART4_IRQHandler                         0x080001b7   Thumb Code     0  startup_stm32f407xx.o(.text)
    UART5_IRQHandler                         0x080001b7   Thumb Code     0  startup_stm32f407xx.o(.text)
    USART1_IRQHandler                        0x080001b7   Thumb Code     0  startup_stm32f407xx.o(.text)
    USART2_IRQHandler                        0x080001b7   Thumb Code     0  startup_stm32f407xx.o(.text)
    USART3_IRQHandler                        0x080001b7   Thumb Code     0  startup_stm32f407xx.o(.text)
    USART6_IRQHandler                        0x080001b7   Thumb Code     0  startup_stm32f407xx.o(.text)
    WWDG_IRQHandler                          0x080001b7   Thumb Code     0  startup_stm32f407xx.o(.text)
    __aeabi_uldivmod                         0x080001c1   Thumb Code    98  uldiv.o(.text)
    __aeabi_memcpy                           0x08000223   Thumb Code    36  memcpya.o(.text)
    __aeabi_memcpy4                          0x08000223   Thumb Code     0  memcpya.o(.text)
    __aeabi_memcpy8                          0x08000223   Thumb Code     0  memcpya.o(.text)
    __aeabi_memset                           0x08000247   Thumb Code    14  memseta.o(.text)
    __aeabi_memset4                          0x08000247   Thumb Code     0  memseta.o(.text)
    __aeabi_memset8                          0x08000247   Thumb Code     0  memseta.o(.text)
    __aeabi_memclr                           0x08000255   Thumb Code     4  memseta.o(.text)
    __aeabi_memclr4                          0x08000255   Thumb Code     0  memseta.o(.text)
    __aeabi_memclr8                          0x08000255   Thumb Code     0  memseta.o(.text)
    _memset$wrapper                          0x08000259   Thumb Code    18  memseta.o(.text)
    __aeabi_uidiv                            0x0800026b   Thumb Code     0  uidiv.o(.text)
    __aeabi_uidivmod                         0x0800026b   Thumb Code    44  uidiv.o(.text)
    __aeabi_llsl                             0x08000297   Thumb Code    30  llshl.o(.text)
    _ll_shift_l                              0x08000297   Thumb Code     0  llshl.o(.text)
    __aeabi_llsr                             0x080002b5   Thumb Code    32  llushr.o(.text)
    _ll_ushift_r                             0x080002b5   Thumb Code     0  llushr.o(.text)
    __scatterload                            0x080002d5   Thumb Code    28  init.o(.text)
    __scatterload_rt2                        0x080002d5   Thumb Code     0  init.o(.text)
    BSP_SD_AbortCallback                     0x080002f9   Thumb Code     2  sdio_sd.o(i.BSP_SD_AbortCallback)
    BSP_SD_GetCardInfo                       0x080002fd   Thumb Code     8  sdio_sd.o(i.BSP_SD_GetCardInfo)
    BSP_SD_GetCardState                      0x08000309   Thumb Code    20  sdio_sd.o(i.BSP_SD_GetCardState)
    BSP_SD_Init                              0x08000321   Thumb Code    60  sdio_sd.o(i.BSP_SD_Init)
    BSP_SD_MspInit                           0x08000365   Thumb Code   306  sdio_sd.o(i.BSP_SD_MspInit)
    BSP_SD_ReadBlocks                        0x080004ad   Thumb Code    24  sdio_sd.o(i.BSP_SD_ReadBlocks)
    BSP_SD_ReadCpltCallback                  0x080004c9   Thumb Code     2  sdio_sd.o(i.BSP_SD_ReadCpltCallback)
    BSP_SD_WriteBlocks                       0x080004cd   Thumb Code    24  sdio_sd.o(i.BSP_SD_WriteBlocks)
    BSP_SD_WriteCpltCallback                 0x080004e9   Thumb Code     2  sdio_sd.o(i.BSP_SD_WriteCpltCallback)
    BusFault_Handler                         0x080004eb   Thumb Code     2  stm32f4xx_it.o(i.BusFault_Handler)
    DMA2_Stream3_IRQHandler                  0x080004ed   Thumb Code     8  stm32f4xx_it.o(i.DMA2_Stream3_IRQHandler)
    DMA2_Stream6_IRQHandler                  0x080004f9   Thumb Code     8  stm32f4xx_it.o(i.DMA2_Stream6_IRQHandler)
    DebugMon_Handler                         0x08000581   Thumb Code     2  stm32f4xx_it.o(i.DebugMon_Handler)
    FATFS_LinkDriver                         0x08000583   Thumb Code     6  ff_gen_drv.o(i.FATFS_LinkDriver)
    FATFS_LinkDriverEx                       0x08000589   Thumb Code    60  ff_gen_drv.o(i.FATFS_LinkDriverEx)
    FatFs_Check                              0x080005c9   Thumb Code    82  main.o(i.FatFs_Check)
    FatFs_FileTest                           0x080006a1   Thumb Code   228  main.o(i.FatFs_FileTest)
    FatFs_GetVolume                          0x0800094d   Thumb Code    54  main.o(i.FatFs_GetVolume)
    HAL_DMA_Abort_IT                         0x080009e1   Thumb Code    36  stm32f4xx_hal_dma.o(i.HAL_DMA_Abort_IT)
    HAL_DMA_DeInit                           0x08000a05   Thumb Code    98  stm32f4xx_hal_dma.o(i.HAL_DMA_DeInit)
    HAL_DMA_IRQHandler                       0x08000a69   Thumb Code   412  stm32f4xx_hal_dma.o(i.HAL_DMA_IRQHandler)
    HAL_DMA_Init                             0x08000c09   Thumb Code   206  stm32f4xx_hal_dma.o(i.HAL_DMA_Init)
    HAL_Delay                                0x08000cdd   Thumb Code    32  stm32f4xx_hal.o(i.HAL_Delay)
    HAL_GPIO_Init                            0x08000d01   Thumb Code   450  stm32f4xx_hal_gpio.o(i.HAL_GPIO_Init)
    HAL_GPIO_TogglePin                       0x08000ef1   Thumb Code    16  stm32f4xx_hal_gpio.o(i.HAL_GPIO_TogglePin)
    HAL_GPIO_WritePin                        0x08000f01   Thumb Code    10  stm32f4xx_hal_gpio.o(i.HAL_GPIO_WritePin)
    HAL_GetTick                              0x08000f0d   Thumb Code     6  stm32f4xx_hal.o(i.HAL_GetTick)
    HAL_IncTick                              0x08000f19   Thumb Code    12  stm32f4xx_hal.o(i.HAL_IncTick)
    HAL_Init                                 0x08000f29   Thumb Code    48  stm32f4xx_hal.o(i.HAL_Init)
    HAL_InitTick                             0x08000f5d   Thumb Code    54  stm32f4xx_hal.o(i.HAL_InitTick)
    HAL_MspInit                              0x08000f9d   Thumb Code    42  stm32f4xx_hal_msp.o(i.HAL_MspInit)
    HAL_NVIC_EnableIRQ                       0x08000fcd   Thumb Code    26  stm32f4xx_hal_cortex.o(i.HAL_NVIC_EnableIRQ)
    HAL_NVIC_SetPriority                     0x08000fe9   Thumb Code    60  stm32f4xx_hal_cortex.o(i.HAL_NVIC_SetPriority)
    HAL_NVIC_SetPriorityGrouping             0x08001029   Thumb Code    26  stm32f4xx_hal_cortex.o(i.HAL_NVIC_SetPriorityGrouping)
    HAL_RCC_ClockConfig                      0x0800104d   Thumb Code   288  stm32f4xx_hal_rcc.o(i.HAL_RCC_ClockConfig)
    HAL_RCC_GetPCLK1Freq                     0x08001181   Thumb Code    20  stm32f4xx_hal_rcc.o(i.HAL_RCC_GetPCLK1Freq)
    HAL_RCC_GetPCLK2Freq                     0x080011a1   Thumb Code    20  stm32f4xx_hal_rcc.o(i.HAL_RCC_GetPCLK2Freq)
    HAL_RCC_GetSysClockFreq                  0x080011c1   Thumb Code    88  stm32f4xx_hal_rcc.o(i.HAL_RCC_GetSysClockFreq)
    HAL_RCC_OscConfig                        0x08001221   Thumb Code   856  stm32f4xx_hal_rcc.o(i.HAL_RCC_OscConfig)
    HAL_SD_AbortCallback                     0x0800158d   Thumb Code     8  sdio_sd.o(i.HAL_SD_AbortCallback)
    HAL_SD_ConfigWideBusOperation            0x08001595   Thumb Code   276  stm32f4xx_hal_sd.o(i.HAL_SD_ConfigWideBusOperation)
    HAL_SD_ErrorCallback                     0x080016ad   Thumb Code     2  stm32f4xx_hal_sd.o(i.HAL_SD_ErrorCallback)
    HAL_SD_GetCardCSD                        0x080016b1   Thumb Code   402  stm32f4xx_hal_sd.o(i.HAL_SD_GetCardCSD)
    HAL_SD_GetCardInfo                       0x08001849   Thumb Code    36  stm32f4xx_hal_sd.o(i.HAL_SD_GetCardInfo)
    HAL_SD_GetCardState                      0x0800186d   Thumb Code    44  stm32f4xx_hal_sd.o(i.HAL_SD_GetCardState)
    HAL_SD_IRQHandler                        0x08001899   Thumb Code   512  stm32f4xx_hal_sd.o(i.HAL_SD_IRQHandler)
    HAL_SD_Init                              0x08001aa1   Thumb Code    54  stm32f4xx_hal_sd.o(i.HAL_SD_Init)
    HAL_SD_InitCard                          0x08001ad9   Thumb Code   116  stm32f4xx_hal_sd.o(i.HAL_SD_InitCard)
    HAL_SD_MspInit                           0x08001b55   Thumb Code     2  stm32f4xx_hal_sd.o(i.HAL_SD_MspInit)
    HAL_SD_ReadBlocks                        0x08001b59   Thumb Code   468  stm32f4xx_hal_sd.o(i.HAL_SD_ReadBlocks)
    HAL_SD_RxCpltCallback                    0x08001d31   Thumb Code     8  sdio_sd.o(i.HAL_SD_RxCpltCallback)
    HAL_SD_TxCpltCallback                    0x08001d39   Thumb Code     8  sdio_sd.o(i.HAL_SD_TxCpltCallback)
    HAL_SD_WriteBlocks                       0x08001d41   Thumb Code   422  stm32f4xx_hal_sd.o(i.HAL_SD_WriteBlocks)
    HAL_SYSTICK_Config                       0x08001eed   Thumb Code    40  stm32f4xx_hal_cortex.o(i.HAL_SYSTICK_Config)
    HAL_UART_Init                            0x08001f15   Thumb Code    98  stm32f4xx_hal_uart.o(i.HAL_UART_Init)
    HAL_UART_MspInit                         0x08001f79   Thumb Code   124  usart.o(i.HAL_UART_MspInit)
    HAL_UART_Transmit                        0x08002001   Thumb Code   178  stm32f4xx_hal_uart.o(i.HAL_UART_Transmit)
    HardFault_Handler                        0x080020b3   Thumb Code     2  stm32f4xx_it.o(i.HardFault_Handler)
    KEY_Init                                 0x080020b5   Thumb Code    56  key.o(i.KEY_Init)
    LED_Init                                 0x080020f5   Thumb Code    70  led.o(i.LED_Init)
    MemManage_Handler                        0x08002145   Thumb Code     2  stm32f4xx_it.o(i.MemManage_Handler)
    NMI_Handler                              0x08002147   Thumb Code     2  stm32f4xx_it.o(i.NMI_Handler)
    PendSV_Handler                           0x08002149   Thumb Code     2  stm32f4xx_it.o(i.PendSV_Handler)
    SDIO_ConfigData                          0x0800214b   Thumb Code    36  stm32f4xx_ll_sdmmc.o(i.SDIO_ConfigData)
    SDIO_GetPowerState                       0x0800216f   Thumb Code     8  stm32f4xx_ll_sdmmc.o(i.SDIO_GetPowerState)
    SDIO_GetResponse                         0x08002177   Thumb Code     6  stm32f4xx_ll_sdmmc.o(i.SDIO_GetResponse)
    SDIO_IRQHandler                          0x0800217d   Thumb Code     6  stm32f4xx_it.o(i.SDIO_IRQHandler)
    SDIO_Init                                0x08002189   Thumb Code    36  stm32f4xx_ll_sdmmc.o(i.SDIO_Init)
    SDIO_PowerState_ON                       0x080021ad   Thumb Code     8  stm32f4xx_ll_sdmmc.o(i.SDIO_PowerState_ON)
    SDIO_ReadFIFO                            0x080021b5   Thumb Code     6  stm32f4xx_ll_sdmmc.o(i.SDIO_ReadFIFO)
    SDIO_SendCommand                         0x080021bb   Thumb Code    32  stm32f4xx_ll_sdmmc.o(i.SDIO_SendCommand)
    SDIO_WriteFIFO                           0x080021db   Thumb Code    10  stm32f4xx_ll_sdmmc.o(i.SDIO_WriteFIFO)
    SDMMC_CmdAppCommand                      0x080021e5   Thumb Code    50  stm32f4xx_ll_sdmmc.o(i.SDMMC_CmdAppCommand)
    SDMMC_CmdAppOperCommand                  0x08002219   Thumb Code    48  stm32f4xx_ll_sdmmc.o(i.SDMMC_CmdAppOperCommand)
    SDMMC_CmdBlockLength                     0x0800224d   Thumb Code    50  stm32f4xx_ll_sdmmc.o(i.SDMMC_CmdBlockLength)
    SDMMC_CmdBusWidth                        0x0800227f   Thumb Code    50  stm32f4xx_ll_sdmmc.o(i.SDMMC_CmdBusWidth)
    SDMMC_CmdGoIdleState                     0x080022b1   Thumb Code    74  stm32f4xx_ll_sdmmc.o(i.SDMMC_CmdGoIdleState)
    SDMMC_CmdOperCond                        0x08002301   Thumb Code    48  stm32f4xx_ll_sdmmc.o(i.SDMMC_CmdOperCond)
    SDMMC_CmdReadMultiBlock                  0x08002331   Thumb Code    50  stm32f4xx_ll_sdmmc.o(i.SDMMC_CmdReadMultiBlock)
    SDMMC_CmdReadSingleBlock                 0x08002363   Thumb Code    50  stm32f4xx_ll_sdmmc.o(i.SDMMC_CmdReadSingleBlock)
    SDMMC_CmdSelDesel                        0x08002395   Thumb Code    50  stm32f4xx_ll_sdmmc.o(i.SDMMC_CmdSelDesel)
    SDMMC_CmdSendCID                         0x080023c7   Thumb Code    44  stm32f4xx_ll_sdmmc.o(i.SDMMC_CmdSendCID)
    SDMMC_CmdSendCSD                         0x080023f3   Thumb Code    44  stm32f4xx_ll_sdmmc.o(i.SDMMC_CmdSendCSD)
    SDMMC_CmdSendSCR                         0x0800241f   Thumb Code    48  stm32f4xx_ll_sdmmc.o(i.SDMMC_CmdSendSCR)
    SDMMC_CmdSendStatus                      0x0800244f   Thumb Code    50  stm32f4xx_ll_sdmmc.o(i.SDMMC_CmdSendStatus)
    SDMMC_CmdSetRelAdd                       0x08002481   Thumb Code    48  stm32f4xx_ll_sdmmc.o(i.SDMMC_CmdSetRelAdd)
    SDMMC_CmdStopTransfer                    0x080024b1   Thumb Code    46  stm32f4xx_ll_sdmmc.o(i.SDMMC_CmdStopTransfer)
    SDMMC_CmdWriteMultiBlock                 0x080024e5   Thumb Code    50  stm32f4xx_ll_sdmmc.o(i.SDMMC_CmdWriteMultiBlock)
    SDMMC_CmdWriteSingleBlock                0x08002517   Thumb Code    50  stm32f4xx_ll_sdmmc.o(i.SDMMC_CmdWriteSingleBlock)
    SDMMC_GetCmdResp1                        0x08002549   Thumb Code   278  stm32f4xx_ll_sdmmc.o(i.SDMMC_GetCmdResp1)
    SDMMC_GetCmdResp2                        0x08002669   Thumb Code    76  stm32f4xx_ll_sdmmc.o(i.SDMMC_GetCmdResp2)
    SDMMC_GetCmdResp3                        0x080026b9   Thumb Code    62  stm32f4xx_ll_sdmmc.o(i.SDMMC_GetCmdResp3)
    SDMMC_GetCmdResp6                        0x080026fd   Thumb Code   130  stm32f4xx_ll_sdmmc.o(i.SDMMC_GetCmdResp6)
    SDMMC_GetCmdResp7                        0x08002785   Thumb Code    82  stm32f4xx_ll_sdmmc.o(i.SDMMC_GetCmdResp7)
    SD_initialize                            0x08002b01   Thumb Code    28  sd_diskio.o(i.SD_initialize)
    SD_ioctl                                 0x08002b21   Thumb Code    76  sd_diskio.o(i.SD_ioctl)
    SD_read                                  0x08002b71   Thumb Code    38  sd_diskio.o(i.SD_read)
    SD_status                                0x08002b97   Thumb Code     4  sd_diskio.o(i.SD_status)
    SD_write                                 0x08002b9d   Thumb Code    38  sd_diskio.o(i.SD_write)
    SVC_Handler                              0x08002bc3   Thumb Code     2  stm32f4xx_it.o(i.SVC_Handler)
    SysTick_Handler                          0x08002bc5   Thumb Code     4  stm32f4xx_it.o(i.SysTick_Handler)
    SystemClock_Config                       0x08002bc9   Thumb Code   142  main.o(i.SystemClock_Config)
    SystemInit                               0x08002c61   Thumb Code    12  system_stm32f4xx.o(i.SystemInit)
    USART1_Init                              0x08002df5   Thumb Code    32  usart.o(i.USART1_Init)
    UsageFault_Handler                       0x08002e1d   Thumb Code     2  stm32f4xx_it.o(i.UsageFault_Handler)
    __0printf$3                              0x08002e21   Thumb Code    22  printf3.o(i.__0printf$3)
    __1printf$3                              0x08002e21   Thumb Code     0  printf3.o(i.__0printf$3)
    __2printf                                0x08002e21   Thumb Code     0  printf3.o(i.__0printf$3)
    __scatterload_copy                       0x08002e61   Thumb Code    14  handlers.o(i.__scatterload_copy)
    __scatterload_null                       0x08002e6f   Thumb Code     2  handlers.o(i.__scatterload_null)
    __scatterload_zeroinit                   0x08002e71   Thumb Code    14  handlers.o(i.__scatterload_zeroinit)
    disk_initialize                          0x080038c1   Thumb Code    36  diskio.o(i.disk_initialize)
    disk_ioctl                               0x080038e9   Thumb Code    24  diskio.o(i.disk_ioctl)
    disk_read                                0x08003905   Thumb Code    24  diskio.o(i.disk_read)
    disk_status                              0x08003921   Thumb Code    18  diskio.o(i.disk_status)
    disk_write                               0x08003939   Thumb Code    24  diskio.o(i.disk_write)
    f_close                                  0x08003955   Thumb Code    30  ff.o(i.f_close)
    f_getfree                                0x08003973   Thumb Code   208  ff.o(i.f_getfree)
    f_mkfs                                   0x08003a45   Thumb Code  1402  ff.o(i.f_mkfs)
    f_mount                                  0x08003fc5   Thumb Code    66  ff.o(i.f_mount)
    f_open                                   0x0800400d   Thumb Code   446  ff.o(i.f_open)
    f_read                                   0x080041cb   Thumb Code   364  ff.o(i.f_read)
    f_sync                                   0x08004337   Thumb Code   142  ff.o(i.f_sync)
    f_write                                  0x080043c5   Thumb Code   418  ff.o(i.f_write)
    ff_oem2uni                               0x08004569   Thumb Code    42  ffunicode.o(i.ff_oem2uni)
    ff_uni2oem                               0x08004599   Thumb Code    48  ffunicode.o(i.ff_uni2oem)
    ff_wtoupper                              0x080045cd   Thumb Code   120  ffunicode.o(i.ff_wtoupper)
    fputc                                    0x0800495d   Thumb Code    18  usart.o(i.fputc)
    get_fattime                              0x08004aed   Thumb Code     4  diskio.o(i.get_fattime)
    main                                     0x08004b75   Thumb Code    54  main.o(i.main)
    AHBPrescTable                            0x08004f1a   Data          16  system_stm32f4xx.o(.constdata)
    APBPrescTable                            0x08004f2a   Data           8  system_stm32f4xx.o(.constdata)
    SD_Driver                                0x0800538c   Data          20  sd_diskio.o(.constdata)
    Region$$Table$$Base                      0x080053a0   Number         0  anon$$obj.o(Region$$Table)
    Region$$Table$$Limit                     0x080053c0   Number         0  anon$$obj.o(Region$$Table)
    MyFile_Res                               0x20000000   Data           1  main.o(.data)
    SDPath                                   0x20000001   Data           4  main.o(.data)
    uwTickFreq                               0x20000008   Data           1  stm32f4xx_hal.o(.data)
    uwTickPrio                               0x2000000c   Data           4  stm32f4xx_hal.o(.data)
    uwTick                                   0x20000010   Data           4  stm32f4xx_hal.o(.data)
    SystemCoreClock                          0x20000014   Data           4  system_stm32f4xx.o(.data)
    __stdout                                 0x20000028   Data           4  stdout.o(.data)
    SD_FatFs                                 0x2000002c   Data        4152  main.o(.bss)
    huart1                                   0x20001064   Data          68  usart.o(.bss)
    uSdHandle                                0x20001168   Data         132  sdio_sd.o(.bss)
    disk                                     0x200011ec   Data          16  ff_gen_drv.o(.bss)
    __initial_sp                             0x20004200   Data           0  startup_stm32f407xx.o(STACK)



==============================================================================

Memory Map of the image

  Image Entry point : 0x08000189

  Load Region LR_IROM1 (Base: 0x08000000, Size: 0x000053ec, Max: 0x00100000, ABSOLUTE)

    Execution Region ER_IROM1 (Exec base: 0x08000000, Load base: 0x08000000, Size: 0x000053c0, Max: 0x00100000, ABSOLUTE)

    Exec Addr    Load Addr    Size         Type   Attr      Idx    E Section Name        Object

    0x08000000   0x08000000   0x00000188   Data   RO            3    RESET               startup_stm32f407xx.o
    0x08000188   0x08000188   0x00000000   Code   RO         3087  * .ARM.Collect$$$$00000000  mc_w.l(entry.o)
    0x08000188   0x08000188   0x00000004   Code   RO         3359    .ARM.Collect$$$$00000001  mc_w.l(entry2.o)
    0x0800018c   0x0800018c   0x00000004   Code   RO         3362    .ARM.Collect$$$$00000004  mc_w.l(entry5.o)
    0x08000190   0x08000190   0x00000000   Code   RO         3364    .ARM.Collect$$$$00000008  mc_w.l(entry7b.o)
    0x08000190   0x08000190   0x00000000   Code   RO         3366    .ARM.Collect$$$$0000000A  mc_w.l(entry8b.o)
    0x08000190   0x08000190   0x00000008   Code   RO         3367    .ARM.Collect$$$$0000000B  mc_w.l(entry9a.o)
    0x08000198   0x08000198   0x00000000   Code   RO         3369    .ARM.Collect$$$$0000000D  mc_w.l(entry10a.o)
    0x08000198   0x08000198   0x00000000   Code   RO         3371    .ARM.Collect$$$$0000000F  mc_w.l(entry11a.o)
    0x08000198   0x08000198   0x00000004   Code   RO         3360    .ARM.Collect$$$$00002712  mc_w.l(entry2.o)
    0x0800019c   0x0800019c   0x00000024   Code   RO            4    .text               startup_stm32f407xx.o
    0x080001c0   0x080001c0   0x00000062   Code   RO         3090    .text               mc_w.l(uldiv.o)
    0x08000222   0x08000222   0x00000024   Code   RO         3092    .text               mc_w.l(memcpya.o)
    0x08000246   0x08000246   0x00000024   Code   RO         3094    .text               mc_w.l(memseta.o)
    0x0800026a   0x0800026a   0x0000002c   Code   RO         3374    .text               mc_w.l(uidiv.o)
    0x08000296   0x08000296   0x0000001e   Code   RO         3376    .text               mc_w.l(llshl.o)
    0x080002b4   0x080002b4   0x00000020   Code   RO         3378    .text               mc_w.l(llushr.o)
    0x080002d4   0x080002d4   0x00000024   Code   RO         3391    .text               mc_w.l(init.o)
    0x080002f8   0x080002f8   0x00000002   Code   RO          414    i.BSP_SD_AbortCallback  sdio_sd.o
    0x080002fa   0x080002fa   0x00000002   PAD
    0x080002fc   0x080002fc   0x0000000c   Code   RO          418    i.BSP_SD_GetCardInfo  sdio_sd.o
    0x08000308   0x08000308   0x00000018   Code   RO          419    i.BSP_SD_GetCardState  sdio_sd.o
    0x08000320   0x08000320   0x00000044   Code   RO          421    i.BSP_SD_Init       sdio_sd.o
    0x08000364   0x08000364   0x00000148   Code   RO          423    i.BSP_SD_MspInit    sdio_sd.o
    0x080004ac   0x080004ac   0x0000001c   Code   RO          424    i.BSP_SD_ReadBlocks  sdio_sd.o
    0x080004c8   0x080004c8   0x00000002   Code   RO          426    i.BSP_SD_ReadCpltCallback  sdio_sd.o
    0x080004ca   0x080004ca   0x00000002   PAD
    0x080004cc   0x080004cc   0x0000001c   Code   RO          427    i.BSP_SD_WriteBlocks  sdio_sd.o
    0x080004e8   0x080004e8   0x00000002   Code   RO          429    i.BSP_SD_WriteCpltCallback  sdio_sd.o
    0x080004ea   0x080004ea   0x00000002   Code   RO          203    i.BusFault_Handler  stm32f4xx_it.o
    0x080004ec   0x080004ec   0x0000000c   Code   RO          204    i.DMA2_Stream3_IRQHandler  stm32f4xx_it.o
    0x080004f8   0x080004f8   0x0000000c   Code   RO          205    i.DMA2_Stream6_IRQHandler  stm32f4xx_it.o
    0x08000504   0x08000504   0x00000028   Code   RO         1294    i.DMA_CalcBaseAndBitshift  stm32f4xx_hal_dma.o
    0x0800052c   0x0800052c   0x00000054   Code   RO         1295    i.DMA_CheckFifoParam  stm32f4xx_hal_dma.o
    0x08000580   0x08000580   0x00000002   Code   RO          206    i.DebugMon_Handler  stm32f4xx_it.o
    0x08000582   0x08000582   0x00000006   Code   RO         2963    i.FATFS_LinkDriver  ff_gen_drv.o
    0x08000588   0x08000588   0x00000040   Code   RO         2964    i.FATFS_LinkDriverEx  ff_gen_drv.o
    0x080005c8   0x080005c8   0x000000d8   Code   RO           14    i.FatFs_Check       main.o
    0x080006a0   0x080006a0   0x000002ac   Code   RO           15    i.FatFs_FileTest    main.o
    0x0800094c   0x0800094c   0x00000094   Code   RO           16    i.FatFs_GetVolume   main.o
    0x080009e0   0x080009e0   0x00000024   Code   RO         1298    i.HAL_DMA_Abort_IT  stm32f4xx_hal_dma.o
    0x08000a04   0x08000a04   0x00000062   Code   RO         1299    i.HAL_DMA_DeInit    stm32f4xx_hal_dma.o
    0x08000a66   0x08000a66   0x00000002   PAD
    0x08000a68   0x08000a68   0x000001a0   Code   RO         1302    i.HAL_DMA_IRQHandler  stm32f4xx_hal_dma.o
    0x08000c08   0x08000c08   0x000000d4   Code   RO         1303    i.HAL_DMA_Init      stm32f4xx_hal_dma.o
    0x08000cdc   0x08000cdc   0x00000024   Code   RO         1716    i.HAL_Delay         stm32f4xx_hal.o
    0x08000d00   0x08000d00   0x000001f0   Code   RO         1190    i.HAL_GPIO_Init     stm32f4xx_hal_gpio.o
    0x08000ef0   0x08000ef0   0x00000010   Code   RO         1193    i.HAL_GPIO_TogglePin  stm32f4xx_hal_gpio.o
    0x08000f00   0x08000f00   0x0000000a   Code   RO         1194    i.HAL_GPIO_WritePin  stm32f4xx_hal_gpio.o
    0x08000f0a   0x08000f0a   0x00000002   PAD
    0x08000f0c   0x08000f0c   0x0000000c   Code   RO         1722    i.HAL_GetTick       stm32f4xx_hal.o
    0x08000f18   0x08000f18   0x00000010   Code   RO         1728    i.HAL_IncTick       stm32f4xx_hal.o
    0x08000f28   0x08000f28   0x00000034   Code   RO         1729    i.HAL_Init          stm32f4xx_hal.o
    0x08000f5c   0x08000f5c   0x00000040   Code   RO         1730    i.HAL_InitTick      stm32f4xx_hal.o
    0x08000f9c   0x08000f9c   0x00000030   Code   RO          297    i.HAL_MspInit       stm32f4xx_hal_msp.o
    0x08000fcc   0x08000fcc   0x0000001a   Code   RO         1579    i.HAL_NVIC_EnableIRQ  stm32f4xx_hal_cortex.o
    0x08000fe6   0x08000fe6   0x00000002   PAD
    0x08000fe8   0x08000fe8   0x00000040   Code   RO         1585    i.HAL_NVIC_SetPriority  stm32f4xx_hal_cortex.o
    0x08001028   0x08001028   0x00000024   Code   RO         1586    i.HAL_NVIC_SetPriorityGrouping  stm32f4xx_hal_cortex.o
    0x0800104c   0x0800104c   0x00000134   Code   RO          836    i.HAL_RCC_ClockConfig  stm32f4xx_hal_rcc.o
    0x08001180   0x08001180   0x00000020   Code   RO          843    i.HAL_RCC_GetPCLK1Freq  stm32f4xx_hal_rcc.o
    0x080011a0   0x080011a0   0x00000020   Code   RO          844    i.HAL_RCC_GetPCLK2Freq  stm32f4xx_hal_rcc.o
    0x080011c0   0x080011c0   0x00000060   Code   RO          845    i.HAL_RCC_GetSysClockFreq  stm32f4xx_hal_rcc.o
    0x08001220   0x08001220   0x0000036c   Code   RO          848    i.HAL_RCC_OscConfig  stm32f4xx_hal_rcc.o
    0x0800158c   0x0800158c   0x00000008   Code   RO          430    i.HAL_SD_AbortCallback  sdio_sd.o
    0x08001594   0x08001594   0x00000118   Code   RO         1970    i.HAL_SD_ConfigWideBusOperation  stm32f4xx_hal_sd.o
    0x080016ac   0x080016ac   0x00000002   Code   RO         1973    i.HAL_SD_ErrorCallback  stm32f4xx_hal_sd.o
    0x080016ae   0x080016ae   0x00000002   PAD
    0x080016b0   0x080016b0   0x00000198   Code   RO         1975    i.HAL_SD_GetCardCSD  stm32f4xx_hal_sd.o
    0x08001848   0x08001848   0x00000024   Code   RO         1976    i.HAL_SD_GetCardInfo  stm32f4xx_hal_sd.o
    0x0800186c   0x0800186c   0x0000002c   Code   RO         1977    i.HAL_SD_GetCardState  stm32f4xx_hal_sd.o
    0x08001898   0x08001898   0x00000208   Code   RO         1981    i.HAL_SD_IRQHandler  stm32f4xx_hal_sd.o
    0x08001aa0   0x08001aa0   0x00000036   Code   RO         1982    i.HAL_SD_Init       stm32f4xx_hal_sd.o
    0x08001ad6   0x08001ad6   0x00000002   PAD
    0x08001ad8   0x08001ad8   0x0000007c   Code   RO         1983    i.HAL_SD_InitCard   stm32f4xx_hal_sd.o
    0x08001b54   0x08001b54   0x00000002   Code   RO         1985    i.HAL_SD_MspInit    stm32f4xx_hal_sd.o
    0x08001b56   0x08001b56   0x00000002   PAD
    0x08001b58   0x08001b58   0x000001d8   Code   RO         1986    i.HAL_SD_ReadBlocks  stm32f4xx_hal_sd.o
    0x08001d30   0x08001d30   0x00000008   Code   RO          431    i.HAL_SD_RxCpltCallback  sdio_sd.o
    0x08001d38   0x08001d38   0x00000008   Code   RO          432    i.HAL_SD_TxCpltCallback  sdio_sd.o
    0x08001d40   0x08001d40   0x000001ac   Code   RO         1991    i.HAL_SD_WriteBlocks  stm32f4xx_hal_sd.o
    0x08001eec   0x08001eec   0x00000028   Code   RO         1590    i.HAL_SYSTICK_Config  stm32f4xx_hal_cortex.o
    0x08001f14   0x08001f14   0x00000062   Code   RO         2257    i.HAL_UART_Init     stm32f4xx_hal_uart.o
    0x08001f76   0x08001f76   0x00000002   PAD
    0x08001f78   0x08001f78   0x00000088   Code   RO          375    i.HAL_UART_MspInit  usart.o
    0x08002000   0x08002000   0x000000b2   Code   RO         2265    i.HAL_UART_Transmit  stm32f4xx_hal_uart.o
    0x080020b2   0x080020b2   0x00000002   Code   RO          207    i.HardFault_Handler  stm32f4xx_it.o
    0x080020b4   0x080020b4   0x00000040   Code   RO          345    i.KEY_Init          key.o
    0x080020f4   0x080020f4   0x00000050   Code   RO          321    i.LED_Init          led.o
    0x08002144   0x08002144   0x00000002   Code   RO          208    i.MemManage_Handler  stm32f4xx_it.o
    0x08002146   0x08002146   0x00000002   Code   RO          209    i.NMI_Handler       stm32f4xx_it.o
    0x08002148   0x08002148   0x00000002   Code   RO          210    i.PendSV_Handler    stm32f4xx_it.o
    0x0800214a   0x0800214a   0x00000024   Code   RO          549    i.SDIO_ConfigData   stm32f4xx_ll_sdmmc.o
    0x0800216e   0x0800216e   0x00000008   Code   RO          553    i.SDIO_GetPowerState  stm32f4xx_ll_sdmmc.o
    0x08002176   0x08002176   0x00000006   Code   RO          554    i.SDIO_GetResponse  stm32f4xx_ll_sdmmc.o
    0x0800217c   0x0800217c   0x0000000c   Code   RO          211    i.SDIO_IRQHandler   stm32f4xx_it.o
    0x08002188   0x08002188   0x00000024   Code   RO          555    i.SDIO_Init         stm32f4xx_ll_sdmmc.o
    0x080021ac   0x080021ac   0x00000008   Code   RO          557    i.SDIO_PowerState_ON  stm32f4xx_ll_sdmmc.o
    0x080021b4   0x080021b4   0x00000006   Code   RO          558    i.SDIO_ReadFIFO     stm32f4xx_ll_sdmmc.o
    0x080021ba   0x080021ba   0x00000020   Code   RO          559    i.SDIO_SendCommand  stm32f4xx_ll_sdmmc.o
    0x080021da   0x080021da   0x0000000a   Code   RO          561    i.SDIO_WriteFIFO    stm32f4xx_ll_sdmmc.o
    0x080021e4   0x080021e4   0x00000032   Code   RO          562    i.SDMMC_CmdAppCommand  stm32f4xx_ll_sdmmc.o
    0x08002216   0x08002216   0x00000002   PAD
    0x08002218   0x08002218   0x00000034   Code   RO          563    i.SDMMC_CmdAppOperCommand  stm32f4xx_ll_sdmmc.o
    0x0800224c   0x0800224c   0x00000032   Code   RO          564    i.SDMMC_CmdBlockLength  stm32f4xx_ll_sdmmc.o
    0x0800227e   0x0800227e   0x00000032   Code   RO          565    i.SDMMC_CmdBusWidth  stm32f4xx_ll_sdmmc.o
    0x080022b0   0x080022b0   0x00000050   Code   RO          569    i.SDMMC_CmdGoIdleState  stm32f4xx_ll_sdmmc.o
    0x08002300   0x08002300   0x00000030   Code   RO          571    i.SDMMC_CmdOperCond  stm32f4xx_ll_sdmmc.o
    0x08002330   0x08002330   0x00000032   Code   RO          572    i.SDMMC_CmdReadMultiBlock  stm32f4xx_ll_sdmmc.o
    0x08002362   0x08002362   0x00000032   Code   RO          573    i.SDMMC_CmdReadSingleBlock  stm32f4xx_ll_sdmmc.o
    0x08002394   0x08002394   0x00000032   Code   RO          576    i.SDMMC_CmdSelDesel  stm32f4xx_ll_sdmmc.o
    0x080023c6   0x080023c6   0x0000002c   Code   RO          577    i.SDMMC_CmdSendCID  stm32f4xx_ll_sdmmc.o
    0x080023f2   0x080023f2   0x0000002c   Code   RO          578    i.SDMMC_CmdSendCSD  stm32f4xx_ll_sdmmc.o
    0x0800241e   0x0800241e   0x00000030   Code   RO          580    i.SDMMC_CmdSendSCR  stm32f4xx_ll_sdmmc.o
    0x0800244e   0x0800244e   0x00000032   Code   RO          581    i.SDMMC_CmdSendStatus  stm32f4xx_ll_sdmmc.o
    0x08002480   0x08002480   0x00000030   Code   RO          582    i.SDMMC_CmdSetRelAdd  stm32f4xx_ll_sdmmc.o
    0x080024b0   0x080024b0   0x00000034   Code   RO          585    i.SDMMC_CmdStopTransfer  stm32f4xx_ll_sdmmc.o
    0x080024e4   0x080024e4   0x00000032   Code   RO          587    i.SDMMC_CmdWriteMultiBlock  stm32f4xx_ll_sdmmc.o
    0x08002516   0x08002516   0x00000032   Code   RO          588    i.SDMMC_CmdWriteSingleBlock  stm32f4xx_ll_sdmmc.o
    0x08002548   0x08002548   0x00000120   Code   RO          589    i.SDMMC_GetCmdResp1  stm32f4xx_ll_sdmmc.o
    0x08002668   0x08002668   0x00000050   Code   RO          590    i.SDMMC_GetCmdResp2  stm32f4xx_ll_sdmmc.o
    0x080026b8   0x080026b8   0x00000044   Code   RO          591    i.SDMMC_GetCmdResp3  stm32f4xx_ll_sdmmc.o
    0x080026fc   0x080026fc   0x00000088   Code   RO          592    i.SDMMC_GetCmdResp6  stm32f4xx_ll_sdmmc.o
    0x08002784   0x08002784   0x00000058   Code   RO          593    i.SDMMC_GetCmdResp7  stm32f4xx_ll_sdmmc.o
    0x080027dc   0x080027dc   0x00000020   Code   RO         3030    i.SD_CheckStatus    sd_diskio.o
    0x080027fc   0x080027fc   0x00000044   Code   RO         1996    i.SD_DMARxAbort     stm32f4xx_hal_sd.o
    0x08002840   0x08002840   0x00000044   Code   RO         1998    i.SD_DMATxAbort     stm32f4xx_hal_sd.o
    0x08002884   0x08002884   0x000000da   Code   RO         1999    i.SD_FindSCR        stm32f4xx_hal_sd.o
    0x0800295e   0x0800295e   0x000000ee   Code   RO         2000    i.SD_InitCard       stm32f4xx_hal_sd.o
    0x08002a4c   0x08002a4c   0x000000b4   Code   RO         2001    i.SD_PowerON        stm32f4xx_hal_sd.o
    0x08002b00   0x08002b00   0x00000020   Code   RO         3031    i.SD_initialize     sd_diskio.o
    0x08002b20   0x08002b20   0x00000050   Code   RO         3032    i.SD_ioctl          sd_diskio.o
    0x08002b70   0x08002b70   0x00000026   Code   RO         3033    i.SD_read           sd_diskio.o
    0x08002b96   0x08002b96   0x00000004   Code   RO         3034    i.SD_status         sd_diskio.o
    0x08002b9a   0x08002b9a   0x00000002   PAD
    0x08002b9c   0x08002b9c   0x00000026   Code   RO         3035    i.SD_write          sd_diskio.o
    0x08002bc2   0x08002bc2   0x00000002   Code   RO          212    i.SVC_Handler       stm32f4xx_it.o
    0x08002bc4   0x08002bc4   0x00000004   Code   RO          213    i.SysTick_Handler   stm32f4xx_it.o
    0x08002bc8   0x08002bc8   0x00000098   Code   RO           17    i.SystemClock_Config  main.o
    0x08002c60   0x08002c60   0x00000010   Code   RO         2586    i.SystemInit        system_stm32f4xx.o
    0x08002c70   0x08002c70   0x0000010c   Code   RO         2283    i.UART_SetConfig    stm32f4xx_hal_uart.o
    0x08002d7c   0x08002d7c   0x00000078   Code   RO         2286    i.UART_WaitOnFlagUntilTimeout  stm32f4xx_hal_uart.o
    0x08002df4   0x08002df4   0x00000028   Code   RO          376    i.USART1_Init       usart.o
    0x08002e1c   0x08002e1c   0x00000002   Code   RO          214    i.UsageFault_Handler  stm32f4xx_it.o
    0x08002e1e   0x08002e1e   0x00000002   PAD
    0x08002e20   0x08002e20   0x00000020   Code   RO         3187    i.__0printf$3       mc_w.l(printf3.o)
    0x08002e40   0x08002e40   0x00000020   Code   RO         1592    i.__NVIC_SetPriority  stm32f4xx_hal_cortex.o
    0x08002e60   0x08002e60   0x0000000e   Code   RO         3399    i.__scatterload_copy  mc_w.l(handlers.o)
    0x08002e6e   0x08002e6e   0x00000002   Code   RO         3400    i.__scatterload_null  mc_w.l(handlers.o)
    0x08002e70   0x08002e70   0x0000000e   Code   RO         3401    i.__scatterload_zeroinit  mc_w.l(handlers.o)
    0x08002e7e   0x08002e7e   0x00000002   PAD
    0x08002e80   0x08002e80   0x000001b8   Code   RO         3194    i._printf_core      mc_w.l(printf3.o)
    0x08003038   0x08003038   0x00000070   Code   RO         2666    i.check_fs          ff.o
    0x080030a8   0x080030a8   0x00000010   Code   RO         2667    i.chk_chr           ff.o
    0x080030b8   0x080030b8   0x00000018   Code   RO         2668    i.clst2sect         ff.o
    0x080030d0   0x080030d0   0x00000080   Code   RO         2669    i.cmp_lfn           ff.o
    0x08003150   0x08003150   0x000000da   Code   RO         2670    i.create_chain      ff.o
    0x0800322a   0x0800322a   0x00000002   PAD
    0x0800322c   0x0800322c   0x00000244   Code   RO         2671    i.create_name       ff.o
    0x08003470   0x08003470   0x00000008   Code   RO         2672    i.dbc_1st           ff.o
    0x08003478   0x08003478   0x00000058   Code   RO         2673    i.dir_clear         ff.o
    0x080034d0   0x080034d0   0x000000be   Code   RO         2674    i.dir_find          ff.o
    0x0800358e   0x0800358e   0x000000bc   Code   RO         2675    i.dir_next          ff.o
    0x0800364a   0x0800364a   0x00000002   PAD
    0x0800364c   0x0800364c   0x000001e4   Code   RO         2677    i.dir_register      ff.o
    0x08003830   0x08003830   0x0000008e   Code   RO         2679    i.dir_sdi           ff.o
    0x080038be   0x080038be   0x00000002   PAD
    0x080038c0   0x080038c0   0x00000028   Code   RO         2620    i.disk_initialize   diskio.o
    0x080038e8   0x080038e8   0x0000001c   Code   RO         2621    i.disk_ioctl        diskio.o
    0x08003904   0x08003904   0x0000001c   Code   RO         2622    i.disk_read         diskio.o
    0x08003920   0x08003920   0x00000018   Code   RO         2623    i.disk_status       diskio.o
    0x08003938   0x08003938   0x0000001c   Code   RO         2624    i.disk_write        diskio.o
    0x08003954   0x08003954   0x0000001e   Code   RO         2680    i.f_close           ff.o
    0x08003972   0x08003972   0x000000d0   Code   RO         2682    i.f_getfree         ff.o
    0x08003a42   0x08003a42   0x00000002   PAD
    0x08003a44   0x08003a44   0x00000580   Code   RO         2685    i.f_mkfs            ff.o
    0x08003fc4   0x08003fc4   0x00000048   Code   RO         2686    i.f_mount           ff.o
    0x0800400c   0x0800400c   0x000001be   Code   RO         2687    i.f_open            ff.o
    0x080041ca   0x080041ca   0x0000016c   Code   RO         2689    i.f_read            ff.o
    0x08004336   0x08004336   0x0000008e   Code   RO         2693    i.f_sync            ff.o
    0x080043c4   0x080043c4   0x000001a2   Code   RO         2696    i.f_write           ff.o
    0x08004566   0x08004566   0x00000002   PAD
    0x08004568   0x08004568   0x00000030   Code   RO         3001    i.ff_oem2uni        ffunicode.o
    0x08004598   0x08004598   0x00000034   Code   RO         3002    i.ff_uni2oem        ffunicode.o
    0x080045cc   0x080045cc   0x00000080   Code   RO         3003    i.ff_wtoupper       ffunicode.o
    0x0800464c   0x0800464c   0x00000294   Code   RO         2697    i.find_volume       ff.o
    0x080048e0   0x080048e0   0x0000007c   Code   RO         2698    i.follow_path       ff.o
    0x0800495c   0x0800495c   0x00000018   Code   RO          377    i.fputc             usart.o
    0x08004974   0x08004974   0x00000090   Code   RO         2699    i.gen_numname       ff.o
    0x08004a04   0x08004a04   0x000000e8   Code   RO         2700    i.get_fat           ff.o
    0x08004aec   0x08004aec   0x00000004   Code   RO         2625    i.get_fattime       diskio.o
    0x08004af0   0x08004af0   0x0000003c   Code   RO         2702    i.get_ldnumber      ff.o
    0x08004b2c   0x08004b2c   0x00000026   Code   RO         2703    i.ld_clust          ff.o
    0x08004b52   0x08004b52   0x00000016   Code   RO         2704    i.ld_dword          ff.o
    0x08004b68   0x08004b68   0x0000000a   Code   RO         2705    i.ld_word           ff.o
    0x08004b72   0x08004b72   0x00000002   PAD
    0x08004b74   0x08004b74   0x0000003c   Code   RO           18    i.main              main.o
    0x08004bb0   0x08004bb0   0x0000001a   Code   RO         2706    i.mem_cmp           ff.o
    0x08004bca   0x08004bca   0x00000012   Code   RO         2707    i.mem_cpy           ff.o
    0x08004bdc   0x08004bdc   0x0000000e   Code   RO         2708    i.mem_set           ff.o
    0x08004bea   0x08004bea   0x00000032   Code   RO         2709    i.move_window       ff.o
    0x08004c1c   0x08004c1c   0x00000124   Code   RO         2711    i.put_fat           ff.o
    0x08004d40   0x08004d40   0x00000074   Code   RO         2712    i.remove_chain      ff.o
    0x08004db4   0x08004db4   0x00000028   Code   RO         2713    i.st_clust          ff.o
    0x08004ddc   0x08004ddc   0x00000010   Code   RO         2714    i.st_dword          ff.o
    0x08004dec   0x08004dec   0x00000008   Code   RO         2715    i.st_word           ff.o
    0x08004df4   0x08004df4   0x0000001a   Code   RO         2716    i.sum_sfn           ff.o
    0x08004e0e   0x08004e0e   0x00000002   PAD
    0x08004e10   0x08004e10   0x00000088   Code   RO         2717    i.sync_fs           ff.o
    0x08004e98   0x08004e98   0x00000046   Code   RO         2718    i.sync_window       ff.o
    0x08004ede   0x08004ede   0x00000034   Code   RO         2719    i.validate          ff.o
    0x08004f12   0x08004f12   0x00000008   Data   RO         1309    .constdata          stm32f4xx_hal_dma.o
    0x08004f1a   0x08004f1a   0x00000010   Data   RO         2587    .constdata          system_stm32f4xx.o
    0x08004f2a   0x08004f2a   0x00000008   Data   RO         2588    .constdata          system_stm32f4xx.o
    0x08004f32   0x08004f32   0x000000aa   Data   RO         2720    .constdata          ff.o
    0x08004fdc   0x08004fdc   0x000003ae   Data   RO         3004    .constdata          ffunicode.o
    0x0800538a   0x0800538a   0x00000002   PAD
    0x0800538c   0x0800538c   0x00000014   Data   RO         3036    .constdata          sd_diskio.o
    0x080053a0   0x080053a0   0x00000020   Data   RO         3397    Region$$Table       anon$$obj.o


    Execution Region RW_IRAM1 (Exec base: 0x20000000, Load base: 0x080053c0, Size: 0x00004200, Max: 0x0001c000, ABSOLUTE)

    Exec Addr    Load Addr    Size         Type   Attr      Idx    E Section Name        Object

    0x20000000   0x080053c0   0x00000005   Data   RW           20    .data               main.o
    0x20000005   0x080053c5   0x00000003   PAD
    0x20000008   0x080053c8   0x0000000c   Data   RW         1736    .data               stm32f4xx_hal.o
    0x20000014   0x080053d4   0x00000004   Data   RW         2589    .data               system_stm32f4xx.o
    0x20000018   0x080053d8   0x0000000c   Data   RW         2721    .data               ff.o
    0x20000024   0x080053e4   0x00000001   Data   RW         3037    .data               sd_diskio.o
    0x20000025   0x080053e5   0x00000003   PAD
    0x20000028   0x080053e8   0x00000004   Data   RW         3373    .data               mc_w.l(stdout.o)
    0x2000002c        -       0x00001038   Zero   RW           19    .bss                main.o
    0x20001064        -       0x00000044   Zero   RW          378    .bss                usart.o
    0x200010a8        -       0x00000144   Zero   RW          433    .bss                sdio_sd.o
    0x200011ec        -       0x00000010   Zero   RW         2967    .bss                ff_gen_drv.o
    0x200011fc   0x080053ec   0x00000004   PAD
    0x20001200        -       0x00003000   Zero   RW            1    STACK               startup_stm32f407xx.o


    Execution Region RW_IRAM2 (Exec base: 0x2001c000, Load base: 0x080053ec, Size: 0x00000000, Max: 0x00004000, ABSOLUTE)

    **** No section assigned to this execution region ****


==============================================================================

Image component sizes


      Code (inc. data)   RO Data    RW Data    ZI Data      Debug   Object Name

       152         22          0          0          0       6951   diskio.o
      7420        160        170         12          0      56274   ff.o
        70          4          0          0         16       1807   ff_gen_drv.o
       228         28        942          0          0       3280   ffunicode.o
        64          8          0          0          0       1071   key.o
        80         10          0          0          0       1083   led.o
      1260        700          0          5       4152     691542   main.o
       224         14         20          1          0       5216   sd_diskio.o
       518         46          0          0        324       9026   sdio_sd.o
        36          8        392          0      12288        920   startup_stm32f407xx.o
       180         28          0         12          0      10253   stm32f4xx_hal.o
       198         14          0          0          0      34571   stm32f4xx_hal_cortex.o
       886         16          8          0          0       6200   stm32f4xx_hal_dma.o
       522         46          0          0          0       3253   stm32f4xx_hal_gpio.o
        48          6          0          0          0       1066   stm32f4xx_hal_msp.o
      1344         72          0          0          0       5864   stm32f4xx_hal_rcc.o
      3142         42          0          0          0      18124   stm32f4xx_hal_sd.o
       664         10          0          0          0       4724   stm32f4xx_hal_uart.o
        56         14          0          0          0       6856   stm32f4xx_it.o
      1668         48          0          0          0      26855   stm32f4xx_ll_sdmmc.o
        16          4         24          4          0       1439   system_stm32f4xx.o
       200         26          0          0         68       2790   usart.o

    ----------------------------------------------------------------------
     19014       1326       1590         40      16852     899165   Object Totals
         0          0         32          0          0          0   (incl. Generated)
        38          0          2          6          4          0   (incl. Padding)

    ----------------------------------------------------------------------

      Code (inc. data)   RO Data    RW Data    ZI Data      Debug   Library Member Name

         0          0          0          0          0          0   entry.o
         0          0          0          0          0          0   entry10a.o
         0          0          0          0          0          0   entry11a.o
         8          4          0          0          0          0   entry2.o
         4          0          0          0          0          0   entry5.o
         0          0          0          0          0          0   entry7b.o
         0          0          0          0          0          0   entry8b.o
         8          4          0          0          0          0   entry9a.o
        30          0          0          0          0          0   handlers.o
        36          8          0          0          0         68   init.o
        30          0          0          0          0         68   llshl.o
        32          0          0          0          0         68   llushr.o
        36          0          0          0          0         68   memcpya.o
        36          0          0          0          0        108   memseta.o
       472         14          0          0          0        184   printf3.o
         0          0          0          4          0          0   stdout.o
        44          0          0          0          0         80   uidiv.o
        98          0          0          0          0         92   uldiv.o

    ----------------------------------------------------------------------
       836         30          0          4          0        736   Library Totals
         2          0          0          0          0          0   (incl. Padding)

    ----------------------------------------------------------------------

      Code (inc. data)   RO Data    RW Data    ZI Data      Debug   Library Name

       834         30          0          4          0        736   mc_w.l

    ----------------------------------------------------------------------
       836         30          0          4          0        736   Library Totals

    ----------------------------------------------------------------------

==============================================================================


      Code (inc. data)   RO Data    RW Data    ZI Data      Debug   

     19850       1356       1590         44      16852     883793   Grand Totals
     19850       1356       1590         44      16852     883793   ELF Image Totals
     19850       1356       1590         44          0          0   ROM Totals

==============================================================================

    Total RO  Size (Code + RO Data)                21440 (  20.94kB)
    Total RW  Size (RW Data + ZI Data)             16896 (  16.50kB)
    Total ROM Size (Code + RO Data + RW Data)      21484 (  20.98kB)

==============================================================================

